../Core/Src/oled.c:27:6:OLED_Init	16	static
../Core/Src/oled.c:45:6:OLED_WR_CMD	32	static
../Core/Src/oled.c:56:6:OLED_WR_DATA	32	static
../Core/Src/oled.c:67:6:OLED_On	16	static
../Core/Src/oled.c:86:6:OLED_Clear	16	static
../Core/Src/oled.c:104:6:OLED_Display_On	8	static
../Core/Src/oled.c:117:6:OLED_Display_Off	8	static
../Core/Src/oled.c:130:6:OLED_Set_Pos	16	static
../Core/Src/oled.c:144:14:oled_pow	24	static
../Core/Src/oled.c:161:6:OLED_ShowChar	32	static
../Core/Src/oled.c:209:6:OLED_ShowString	40	static
../Core/Src/oled.c:244:6:OLED_ShowNum	40	static
../Core/Src/oled.c:277:6:OLED_Showdecimal	48	static
../Core/Src/oled.c:333:6:OLED_ShowCHinese	32	static
../Core/Src/oled.c:367:6:OLED_DrawBMP	32	static
../Core/Src/oled.c:397:6:OLED_HorizontalShift	16	static
../Core/Src/oled.c:420:6:OLED_Some_HorizontalShift	16	static
../Core/Src/oled.c:441:6:OLED_VerticalAndHorizontalShift	16	static
../Core/Src/oled.c:462:6:OLED_DisplayMode	16	static
../Core/Src/oled.c:473:6:OLED_IntensityControl	16	static
