Archive member included to satisfy reference by file (symbol)

D:/AAAdownload/CubeIDE/STM32CubeIDE_1.17.0/STM32CubeIDE/plugins/com.st.stm32cube.ide.mcu.externaltools.gnu-tools-for-stm32.12.3.rel1.win32_1.1.0.202410251130/tools/bin/../lib/gcc/arm-none-eabi/12.3.1/../../../../arm-none-eabi/lib/thumb/v7-m/nofp\libc_nano.a(libc_a-exit.o)
                              D:/AAAdownload/CubeIDE/STM32CubeIDE_1.17.0/STM32CubeIDE/plugins/com.st.stm32cube.ide.mcu.externaltools.gnu-tools-for-stm32.12.3.rel1.win32_1.1.0.202410251130/tools/bin/../lib/gcc/arm-none-eabi/12.3.1/../../../../arm-none-eabi/lib/thumb/v7-m/nofp/crt0.o (exit)
D:/AAAdownload/CubeIDE/STM32CubeIDE_1.17.0/STM32CubeIDE/plugins/com.st.stm32cube.ide.mcu.externaltools.gnu-tools-for-stm32.12.3.rel1.win32_1.1.0.202410251130/tools/bin/../lib/gcc/arm-none-eabi/12.3.1/../../../../arm-none-eabi/lib/thumb/v7-m/nofp\libc_nano.a(libc_a-findfp.o)
                              D:/AAAdownload/CubeIDE/STM32CubeIDE_1.17.0/STM32CubeIDE/plugins/com.st.stm32cube.ide.mcu.externaltools.gnu-tools-for-stm32.12.3.rel1.win32_1.1.0.202410251130/tools/bin/../lib/gcc/arm-none-eabi/12.3.1/../../../../arm-none-eabi/lib/thumb/v7-m/nofp\libc_nano.a(libc_a-exit.o) (__stdio_exit_handler)
D:/AAAdownload/CubeIDE/STM32CubeIDE_1.17.0/STM32CubeIDE/plugins/com.st.stm32cube.ide.mcu.externaltools.gnu-tools-for-stm32.12.3.rel1.win32_1.1.0.202410251130/tools/bin/../lib/gcc/arm-none-eabi/12.3.1/../../../../arm-none-eabi/lib/thumb/v7-m/nofp\libc_nano.a(libc_a-fwalk.o)
                              D:/AAAdownload/CubeIDE/STM32CubeIDE_1.17.0/STM32CubeIDE/plugins/com.st.stm32cube.ide.mcu.externaltools.gnu-tools-for-stm32.12.3.rel1.win32_1.1.0.202410251130/tools/bin/../lib/gcc/arm-none-eabi/12.3.1/../../../../arm-none-eabi/lib/thumb/v7-m/nofp\libc_nano.a(libc_a-findfp.o) (_fwalk_sglue)
D:/AAAdownload/CubeIDE/STM32CubeIDE_1.17.0/STM32CubeIDE/plugins/com.st.stm32cube.ide.mcu.externaltools.gnu-tools-for-stm32.12.3.rel1.win32_1.1.0.202410251130/tools/bin/../lib/gcc/arm-none-eabi/12.3.1/../../../../arm-none-eabi/lib/thumb/v7-m/nofp\libc_nano.a(libc_a-stdio.o)
                              D:/AAAdownload/CubeIDE/STM32CubeIDE_1.17.0/STM32CubeIDE/plugins/com.st.stm32cube.ide.mcu.externaltools.gnu-tools-for-stm32.12.3.rel1.win32_1.1.0.202410251130/tools/bin/../lib/gcc/arm-none-eabi/12.3.1/../../../../arm-none-eabi/lib/thumb/v7-m/nofp\libc_nano.a(libc_a-findfp.o) (__sread)
D:/AAAdownload/CubeIDE/STM32CubeIDE_1.17.0/STM32CubeIDE/plugins/com.st.stm32cube.ide.mcu.externaltools.gnu-tools-for-stm32.12.3.rel1.win32_1.1.0.202410251130/tools/bin/../lib/gcc/arm-none-eabi/12.3.1/../../../../arm-none-eabi/lib/thumb/v7-m/nofp\libc_nano.a(libc_a-memset.o)
                              D:/AAAdownload/CubeIDE/STM32CubeIDE_1.17.0/STM32CubeIDE/plugins/com.st.stm32cube.ide.mcu.externaltools.gnu-tools-for-stm32.12.3.rel1.win32_1.1.0.202410251130/tools/bin/../lib/gcc/arm-none-eabi/12.3.1/../../../../arm-none-eabi/lib/thumb/v7-m/nofp/crt0.o (memset)
D:/AAAdownload/CubeIDE/STM32CubeIDE_1.17.0/STM32CubeIDE/plugins/com.st.stm32cube.ide.mcu.externaltools.gnu-tools-for-stm32.12.3.rel1.win32_1.1.0.202410251130/tools/bin/../lib/gcc/arm-none-eabi/12.3.1/../../../../arm-none-eabi/lib/thumb/v7-m/nofp\libc_nano.a(libc_a-closer.o)
                              D:/AAAdownload/CubeIDE/STM32CubeIDE_1.17.0/STM32CubeIDE/plugins/com.st.stm32cube.ide.mcu.externaltools.gnu-tools-for-stm32.12.3.rel1.win32_1.1.0.202410251130/tools/bin/../lib/gcc/arm-none-eabi/12.3.1/../../../../arm-none-eabi/lib/thumb/v7-m/nofp\libc_nano.a(libc_a-stdio.o) (_close_r)
D:/AAAdownload/CubeIDE/STM32CubeIDE_1.17.0/STM32CubeIDE/plugins/com.st.stm32cube.ide.mcu.externaltools.gnu-tools-for-stm32.12.3.rel1.win32_1.1.0.202410251130/tools/bin/../lib/gcc/arm-none-eabi/12.3.1/../../../../arm-none-eabi/lib/thumb/v7-m/nofp\libc_nano.a(libc_a-reent.o)
                              D:/AAAdownload/CubeIDE/STM32CubeIDE_1.17.0/STM32CubeIDE/plugins/com.st.stm32cube.ide.mcu.externaltools.gnu-tools-for-stm32.12.3.rel1.win32_1.1.0.202410251130/tools/bin/../lib/gcc/arm-none-eabi/12.3.1/../../../../arm-none-eabi/lib/thumb/v7-m/nofp\libc_nano.a(libc_a-closer.o) (errno)
D:/AAAdownload/CubeIDE/STM32CubeIDE_1.17.0/STM32CubeIDE/plugins/com.st.stm32cube.ide.mcu.externaltools.gnu-tools-for-stm32.12.3.rel1.win32_1.1.0.202410251130/tools/bin/../lib/gcc/arm-none-eabi/12.3.1/../../../../arm-none-eabi/lib/thumb/v7-m/nofp\libc_nano.a(libc_a-impure.o)
                              D:/AAAdownload/CubeIDE/STM32CubeIDE_1.17.0/STM32CubeIDE/plugins/com.st.stm32cube.ide.mcu.externaltools.gnu-tools-for-stm32.12.3.rel1.win32_1.1.0.202410251130/tools/bin/../lib/gcc/arm-none-eabi/12.3.1/../../../../arm-none-eabi/lib/thumb/v7-m/nofp\libc_nano.a(libc_a-reent.o) (_impure_ptr)
[...]
Memory Configuration

Name             Origin             Length             Attributes
RAM              0x20000000         0x00005000         xrw
FLASH            0x08000000         0x00010000         xr
*default*        0x00000000         0xffffffff

Linker script and memory map

LOAD D:/AAAdownload/CubeIDE/STM32CubeIDE_1.17.0/STM32CubeIDE/plugins/com.st.stm32cube.ide.mcu.externaltools.gnu-tools-for-stm32.12.3.rel1.win32_1.1.0.202410251130/tools/bin/../lib/gcc/arm-none-eabi/12.3.1/thumb/v7-m/nofp/crti.o
LOAD D:/AAAdownload/CubeIDE/STM32CubeIDE_1.17.0/STM32CubeIDE/plugins/com.st.stm32cube.ide.mcu.externaltools.gnu-tools-for-stm32.12.3.rel1.win32_1.1.0.202410251130/tools/bin/../lib/gcc/arm-none-eabi/12.3.1/thumb/v7-m/nofp/crtbegin.o
LOAD D:/AAAdownload/CubeIDE/STM32CubeIDE_1.17.0/STM32CubeIDE/plugins/com.st.stm32cube.ide.mcu.externaltools.gnu-tools-for-stm32.12.3.rel1.win32_1.1.0.202410251130/tools/bin/../lib/gcc/arm-none-eabi/12.3.1/../../../../arm-none-eabi/lib/thumb/v7-m/nofp/crt0.o
LOAD ./Core/Src/gpio.o
LOAD ./Core/Src/i2c.o
LOAD ./Core/Src/main.o
LOAD ./Core/Src/oled.o
LOAD ./Core/Src/oledfont.o
LOAD ./Core/Src/stm32f1xx_hal_msp.o
LOAD ./Core/Src/stm32f1xx_it.o
LOAD ./Core/Src/syscalls.o
LOAD ./Core/Src/sysmem.o
LOAD ./Core/Src/system_stm32f1xx.o
LOAD ./Core/Startup/startup_stm32f103c8tx.o
LOAD ./Drivers/STM32F1xx_HAL_Driver/Src/stm32f1xx_hal.o
LOAD ./Drivers/STM32F1xx_HAL_Driver/Src/stm32f1xx_hal_cortex.o
LOAD ./Drivers/STM32F1xx_HAL_Driver/Src/stm32f1xx_hal_dma.o
LOAD ./Drivers/STM32F1xx_HAL_Driver/Src/stm32f1xx_hal_exti.o
LOAD ./Drivers/STM32F1xx_HAL_Driver/Src/stm32f1xx_hal_flash.o
LOAD ./Drivers/STM32F1xx_HAL_Driver/Src/stm32f1xx_hal_flash_ex.o
LOAD ./Drivers/STM32F1xx_HAL_Driver/Src/stm32f1xx_hal_gpio.o
LOAD ./Drivers/STM32F1xx_HAL_Driver/Src/stm32f1xx_hal_gpio_ex.o
LOAD ./Drivers/STM32F1xx_HAL_Driver/Src/stm32f1xx_hal_i2c.o
LOAD ./Drivers/STM32F1xx_HAL_Driver/Src/stm32f1xx_hal_pwr.o
LOAD ./Drivers/STM32F1xx_HAL_Driver/Src/stm32f1xx_hal_rcc.o
LOAD ./Drivers/STM32F1xx_HAL_Driver/Src/stm32f1xx_hal_rcc_ex.o
START GROUP
LOAD D:/AAAdownload/CubeIDE/STM32CubeIDE_1.17.0/STM32CubeIDE/plugins/com.st.stm32cube.ide.mcu.externaltools.gnu-tools-for-stm32.12.3.rel1.win32_1.1.0.202410251130/tools/bin/../lib/gcc/arm-none-eabi/12.3.1/../../../../arm-none-eabi/lib/thumb/v7-m/nofp\libc_nano.a
LOAD D:/AAAdownload/CubeIDE/STM32CubeIDE_1.17.0/STM32CubeIDE/plugins/com.st.stm32cube.ide.mcu.externaltools.gnu-tools-for-stm32.12.3.rel1.win32_1.1.0.202410251130/tools/bin/../lib/gcc/arm-none-eabi/12.3.1/../../../../arm-none-eabi/lib/thumb/v7-m/nofp\libm.a
END GROUP
START GROUP
LOAD D:/AAAdownload/CubeIDE/STM32CubeIDE_1.17.0/STM32CubeIDE/plugins/com.st.stm32cube.ide.mcu.externaltools.gnu-tools-for-stm32.12.3.rel1.win32_1.1.0.202410251130/tools/bin/../lib/gcc/arm-none-eabi/12.3.1/thumb/v7-m/nofp\libgcc.a
LOAD D:/AAAdownload/CubeIDE/STM32CubeIDE_1.17.0/STM32CubeIDE/plugins/com.st.stm32cube.ide.mcu.externaltools.gnu-tools-for-stm32.12.3.rel1.win32_1.1.0.202410251130/tools/bin/../lib/gcc/arm-none-eabi/12.3.1/../../../../arm-none-eabi/lib/thumb/v7-m/nofp\libc_nano.a
END GROUP
START GROUP
LOAD D:/AAAdownload/CubeIDE/STM32CubeIDE_1.17.0/STM32CubeIDE/plugins/com.st.stm32cube.ide.mcu.externaltools.gnu-tools-for-stm32.12.3.rel1.win32_1.1.0.202410251130/tools/bin/../lib/gcc/arm-none-eabi/12.3.1/thumb/v7-m/nofp\libgcc.a
LOAD D:/AAAdownload/CubeIDE/STM32CubeIDE_1.17.0/STM32CubeIDE/plugins/com.st.stm32cube.ide.mcu.externaltools.gnu-tools-for-stm32.12.3.rel1.win32_1.1.0.202410251130/tools/bin/../lib/gcc/arm-none-eabi/12.3.1/../../../../arm-none-eabi/lib/thumb/v7-m/nofp\libc_nano.a
LOAD D:/AAAdownload/CubeIDE/STM32CubeIDE_1.17.0/STM32CubeIDE/plugins/com.st.stm32cube.ide.mcu.externaltools.gnu-tools-for-stm32.12.3.rel1.win32_1.1.0.202410251130/tools/bin/../lib/gcc/arm-none-eabi/12.3.1/../../../../arm-none-eabi/lib/thumb/v7-m/nofp\libnosys.a
END GROUP
START GROUP
LOAD D:/AAAdownload/CubeIDE/STM32CubeIDE_1.17.0/STM32CubeIDE/plugins/com.st.stm32cube.ide.mcu.externaltools.gnu-tools-for-stm32.12.3.rel1.win32_1.1.0.202410251130/tools/bin/../lib/gcc/arm-none-eabi/12.3.1/thumb/v7-m/nofp\libgcc.a
LOAD D:/AAAdownload/CubeIDE/STM32CubeIDE_1.17.0/STM32CubeIDE/plugins/com.st.stm32cube.ide.mcu.externaltools.gnu-tools-for-stm32.12.3.rel1.win32_1.1.0.202410251130/tools/bin/../lib/gcc/arm-none-eabi/12.3.1/../../../../arm-none-eabi/lib/thumb/v7-m/nofp\libc_nano.a
LOAD D:/AAAdownload/CubeIDE/STM32CubeIDE_1.17.0/STM32CubeIDE/plugins/com.st.stm32cube.ide.mcu.externaltools.gnu-tools-for-stm32.12.3.rel1.win32_1.1.0.202410251130/tools/bin/../lib/gcc/arm-none-eabi/12.3.1/../../../../arm-none-eabi/lib/thumb/v7-m/nofp\libnosys.a
END GROUP
LOAD D:/AAAdownload/CubeIDE/STM32CubeIDE_1.17.0/STM32CubeIDE/plugins/com.st.stm32cube.ide.mcu.externaltools.gnu-tools-for-stm32.12.3.rel1.win32_1.1.0.202410251130/tools/bin/../lib/gcc/arm-none-eabi/12.3.1/thumb/v7-m/nofp/crtend.o
LOAD D:/AAAdownload/CubeIDE/STM32CubeIDE_1.17.0/STM32CubeIDE/plugins/com.st.stm32cube.ide.mcu.externaltools.gnu-tools-for-stm32.12.3.rel1.win32_1.1.0.202410251130/tools/bin/../lib/gcc/arm-none-eabi/12.3.1/thumb/v7-m/nofp/crtn.o
                0x20005000                        _estack = (ORIGIN (RAM) + LENGTH (RAM))
                0x00000200                        _Min_Heap_Size = 0x200
                0x00000400                        _Min_Stack_Size = 0x400

.isr_vector     0x08000000      0x10c
                0x08000000                        . = ALIGN (0x4)
 *(.isr_vector)
 .isr_vector    0x08000000      0x10c ./Core/Startup/startup_stm32f103c8tx.o
                0x08000000                g_pfnVectors
                0x0800010c                        . = ALIGN (0x4)

.text           0x0800010c     0x1ef0
                0x0800010c                        . = ALIGN (0x4)
 *(.text)
 .text          0x0800010c       0x40 D:/AAAdownload/CubeIDE/STM32CubeIDE_1.17.0/STM32CubeIDE/plugins/com.st.stm32cube.ide.mcu.externaltools.gnu-tools-for-stm32.12.3.rel1.win32_1.1.0.202410251130/tools/bin/../lib/gcc/arm-none-eabi/12.3.1/thumb/v7-m/nofp/crtbegin.o
 *(.text*)
 .text.MX_GPIO_Init
                0x0800014c       0x5c ./Core/Src/gpio.o
                0x0800014c                MX_GPIO_Init
 .text.MX_I2C2_Init
                0x080001a8       0x5c ./Core/Src/i2c.o
                0x080001a8                MX_I2C2_Init
 .text.HAL_I2C_MspInit
                0x08000204       0x80 ./Core/Src/i2c.o
                0x08000204                HAL_I2C_MspInit
 .text.main     0x08000284       0x50 ./Core/Src/main.o
                0x08000284                main
 .text.SystemClock_Config
                0x080002d4       0x8a ./Core/Src/main.o
                0x080002d4                SystemClock_Config
 .text.Error_Handler
                0x0800035e        0xc ./Core/Src/main.o
                0x0800035e                Error_Handler
 *fill*         0x0800036a        0x2 
 .text.OLED_Init
                0x0800036c       0x3c ./Core/Src/oled.o
                0x0800036c                OLED_Init
 .text.OLED_WR_CMD
                0x080003a8       0x30 ./Core/Src/oled.o
                0x080003a8                OLED_WR_CMD
 .text.OLED_WR_DATA
                0x080003d8       0x30 ./Core/Src/oled.o
                0x080003d8                OLED_WR_DATA
 .text.OLED_Clear
                0x08000408       0x54 ./Core/Src/oled.o
                0x08000408                OLED_Clear
 .text.OLED_Set_Pos
                0x0800045c       0x44 ./Core/Src/oled.o
                0x0800045c                OLED_Set_Pos
 .text.OLED_ShowChar
                0x080004a0      0x160 ./Core/Src/oled.o
                0x080004a0                OLED_ShowChar
 .text.OLED_ShowString
                0x08000600       0x92 ./Core/Src/oled.o
                0x08000600                OLED_ShowString
 .text.OLED_DrawBMP
                0x08000692       0xb8 ./Core/Src/oled.o
                0x08000692                OLED_DrawBMP
 *fill*         0x0800074a        0x2 
 .text.HAL_MspInit
                0x0800074c       0x64 ./Core/Src/stm32f1xx_hal_msp.o
                0x0800074c                HAL_MspInit
 .text.NMI_Handler
                0x080007b0        0x8 ./Core/Src/stm32f1xx_it.o
                0x080007b0                NMI_Handler
 .text.HardFault_Handler
                0x080007b8        0x8 ./Core/Src/stm32f1xx_it.o
                0x080007b8                HardFault_Handler
 .text.MemManage_Handler
                0x080007c0        0x8 ./Core/Src/stm32f1xx_it.o
                0x080007c0                MemManage_Handler
 .text.BusFault_Handler
                0x080007c8        0x8 ./Core/Src/stm32f1xx_it.o
                0x080007c8                BusFault_Handler
 .text.UsageFault_Handler
                0x080007d0        0x8 ./Core/Src/stm32f1xx_it.o
                0x080007d0                UsageFault_Handler
 .text.SVC_Handler
                0x080007d8        0xc ./Core/Src/stm32f1xx_it.o
                0x080007d8                SVC_Handler
 .text.DebugMon_Handler
                0x080007e4        0xc ./Core/Src/stm32f1xx_it.o
                0x080007e4                DebugMon_Handler
 .text.PendSV_Handler
                0x080007f0        0xc ./Core/Src/stm32f1xx_it.o
                0x080007f0                PendSV_Handler
 .text.SysTick_Handler
                0x080007fc        0xc ./Core/Src/stm32f1xx_it.o
                0x080007fc                SysTick_Handler
 .text.SystemInit
                0x08000808        0xc ./Core/Src/system_stm32f1xx.o
                0x08000808                SystemInit
 .text.Reset_Handler
                0x08000814       0x48 ./Core/Startup/startup_stm32f103c8tx.o
                0x08000814                Reset_Handler
 .text.Default_Handler
                0x0800085c        0x2 ./Core/Startup/startup_stm32f103c8tx.o
                0x0800085c                RTC_Alarm_IRQHandler
                0x0800085c                EXTI2_IRQHandler
                0x0800085c                TIM1_CC_IRQHandler
                0x0800085c                PVD_IRQHandler
                0x0800085c                EXTI3_IRQHandler
                0x0800085c                EXTI0_IRQHandler
                0x0800085c                I2C2_EV_IRQHandler
                0x0800085c                ADC1_2_IRQHandler
                0x0800085c                SPI1_IRQHandler
                0x0800085c                TAMPER_IRQHandler
                0x0800085c                DMA1_Channel4_IRQHandler
                0x0800085c                USART3_IRQHandler
                0x0800085c                RTC_IRQHandler
                0x0800085c                DMA1_Channel7_IRQHandler
                0x0800085c                CAN1_RX1_IRQHandler
                0x0800085c                TIM4_IRQHandler
                0x0800085c                I2C1_EV_IRQHandler
                0x0800085c                DMA1_Channel6_IRQHandler
                0x0800085c                TIM3_IRQHandler
                0x0800085c                RCC_IRQHandler
                0x0800085c                TIM1_TRG_COM_IRQHandler
                0x0800085c                DMA1_Channel1_IRQHandler
                0x0800085c                Default_Handler
                0x0800085c                EXTI15_10_IRQHandler
                0x0800085c                EXTI9_5_IRQHandler
                0x0800085c                SPI2_IRQHandler
                0x0800085c                DMA1_Channel5_IRQHandler
                0x0800085c                EXTI4_IRQHandler
                0x0800085c                USB_LP_CAN1_RX0_IRQHandler
                0x0800085c                USB_HP_CAN1_TX_IRQHandler
                0x0800085c                DMA1_Channel3_IRQHandler
                0x0800085c                TIM1_UP_IRQHandler
                0x0800085c                WWDG_IRQHandler
                0x0800085c                TIM2_IRQHandler
                0x0800085c                TIM1_BRK_IRQHandler
                0x0800085c                EXTI1_IRQHandler
                0x0800085c                USART2_IRQHandler
                0x0800085c                I2C2_ER_IRQHandler
                0x0800085c                DMA1_Channel2_IRQHandler
                0x0800085c                CAN1_SCE_IRQHandler
                0x0800085c                FLASH_IRQHandler
                0x0800085c                USART1_IRQHandler
                0x0800085c                I2C1_ER_IRQHandler
                0x0800085c                USBWakeUp_IRQHandler
 *fill*         0x0800085e        0x2 
 .text.HAL_Init
                0x08000860       0x2c ./Drivers/STM32F1xx_HAL_Driver/Src/stm32f1xx_hal.o
                0x08000860                HAL_Init
 .text.HAL_InitTick
                0x0800088c       0x60 ./Drivers/STM32F1xx_HAL_Driver/Src/stm32f1xx_hal.o
                0x0800088c                HAL_InitTick
 .text.HAL_IncTick
                0x080008ec       0x24 ./Drivers/STM32F1xx_HAL_Driver/Src/stm32f1xx_hal.o
                0x080008ec                HAL_IncTick
 .text.HAL_GetTick
                0x08000910       0x14 ./Drivers/STM32F1xx_HAL_Driver/Src/stm32f1xx_hal.o
                0x08000910                HAL_GetTick
 .text.HAL_Delay
                0x08000924       0x48 ./Drivers/STM32F1xx_HAL_Driver/Src/stm32f1xx_hal.o
                0x08000924                HAL_Delay
 .text.__NVIC_SetPriorityGrouping
                0x0800096c       0x48 ./Drivers/STM32F1xx_HAL_Driver/Src/stm32f1xx_hal_cortex.o
 .text.__NVIC_GetPriorityGrouping
                0x080009b4       0x1c ./Drivers/STM32F1xx_HAL_Driver/Src/stm32f1xx_hal_cortex.o
 .text.__NVIC_SetPriority
                0x080009d0       0x54 ./Drivers/STM32F1xx_HAL_Driver/Src/stm32f1xx_hal_cortex.o
 .text.NVIC_EncodePriority
                0x08000a24       0x64 ./Drivers/STM32F1xx_HAL_Driver/Src/stm32f1xx_hal_cortex.o
 .text.SysTick_Config
                0x08000a88       0x44 ./Drivers/STM32F1xx_HAL_Driver/Src/stm32f1xx_hal_cortex.o
 .text.HAL_NVIC_SetPriorityGrouping
                0x08000acc       0x16 ./Drivers/STM32F1xx_HAL_Driver/Src/stm32f1xx_hal_cortex.o
                0x08000acc                HAL_NVIC_SetPriorityGrouping
 .text.HAL_NVIC_SetPriority
                0x08000ae2       0x38 ./Drivers/STM32F1xx_HAL_Driver/Src/stm32f1xx_hal_cortex.o
                0x08000ae2                HAL_NVIC_SetPriority
 .text.HAL_SYSTICK_Config
                0x08000b1a       0x18 ./Drivers/STM32F1xx_HAL_Driver/Src/stm32f1xx_hal_cortex.o
                0x08000b1a                HAL_SYSTICK_Config
 *fill*         0x08000b32        0x2 
 .text.HAL_GPIO_Init
                0x08000b34      0x308 ./Drivers/STM32F1xx_HAL_Driver/Src/stm32f1xx_hal_gpio.o
                0x08000b34                HAL_GPIO_Init
 .text.HAL_I2C_Init
                0x08000e3c      0x288 ./Drivers/STM32F1xx_HAL_Driver/Src/stm32f1xx_hal_i2c.o
                0x08000e3c                HAL_I2C_Init
 .text.HAL_I2C_Mem_Write
                0x080010c4      0x1f4 ./Drivers/STM32F1xx_HAL_Driver/Src/stm32f1xx_hal_i2c.o
                0x080010c4                HAL_I2C_Mem_Write
 .text.I2C_RequestMemoryWrite
                0x080012b8      0x12c ./Drivers/STM32F1xx_HAL_Driver/Src/stm32f1xx_hal_i2c.o
 .text.I2C_WaitOnFlagUntilTimeout
                0x080013e4       0xf4 ./Drivers/STM32F1xx_HAL_Driver/Src/stm32f1xx_hal_i2c.o
 .text.I2C_WaitOnMasterAddressFlagUntilTimeout
                0x080014d8      0x140 ./Drivers/STM32F1xx_HAL_Driver/Src/stm32f1xx_hal_i2c.o
 .text.I2C_WaitOnTXEFlagUntilTimeout
                0x08001618       0x90 ./Drivers/STM32F1xx_HAL_Driver/Src/stm32f1xx_hal_i2c.o
 .text.I2C_WaitOnBTFFlagUntilTimeout
                0x080016a8       0x90 ./Drivers/STM32F1xx_HAL_Driver/Src/stm32f1xx_hal_i2c.o
 .text.I2C_IsAcknowledgeFailed
                0x08001738       0x5c ./Drivers/STM32F1xx_HAL_Driver/Src/stm32f1xx_hal_i2c.o
 .text.HAL_RCC_OscConfig
                0x08001794      0x504 ./Drivers/STM32F1xx_HAL_Driver/Src/stm32f1xx_hal_rcc.o
                0x08001794                HAL_RCC_OscConfig
 .text.HAL_RCC_ClockConfig
                0x08001c98      0x1d4 ./Drivers/STM32F1xx_HAL_Driver/Src/stm32f1xx_hal_rcc.o
                0x08001c98                HAL_RCC_ClockConfig
 .text.HAL_RCC_GetSysClockFreq
                0x08001e6c       0xa8 ./Drivers/STM32F1xx_HAL_Driver/Src/stm32f1xx_hal_rcc.o
                0x08001e6c                HAL_RCC_GetSysClockFreq
 .text.HAL_RCC_GetHCLKFreq
                0x08001f14       0x14 ./Drivers/STM32F1xx_HAL_Driver/Src/stm32f1xx_hal_rcc.o
                0x08001f14                HAL_RCC_GetHCLKFreq
 .text.HAL_RCC_GetPCLK1Freq
                0x08001f28       0x28 ./Drivers/STM32F1xx_HAL_Driver/Src/stm32f1xx_hal_rcc.o
                0x08001f28                HAL_RCC_GetPCLK1Freq
 .text.RCC_Delay
                0x08001f50       0x3c ./Drivers/STM32F1xx_HAL_Driver/Src/stm32f1xx_hal_rcc.o
 .text.memset   0x08001f8c       0x10 D:/AAAdownload/CubeIDE/STM32CubeIDE_1.17.0/STM32CubeIDE/plugins/com.st.stm32cube.ide.mcu.externaltools.gnu-tools-for-stm32.12.3.rel1.win32_1.1.0.202410251130/tools/bin/../lib/gcc/arm-none-eabi/12.3.1/../../../../arm-none-eabi/lib/thumb/v7-m/nofp\libc_nano.a(libc_a-memset.o)
                0x08001f8c                memset
 .text.__libc_init_array
                0x08001f9c       0x48 D:/AAAdownload/CubeIDE/STM32CubeIDE_1.17.0/STM32CubeIDE/plugins/com.st.stm32cube.ide.mcu.externaltools.gnu-tools-for-stm32.12.3.rel1.win32_1.1.0.202410251130/tools/bin/../lib/gcc/arm-none-eabi/12.3.1/../../../../arm-none-eabi/lib/thumb/v7-m/nofp\libc_nano.a(libc_a-init.o)
                0x08001f9c                __libc_init_array
 *(.glue_7)
 .glue_7        0x08001fe4        0x0 linker stubs
 *(.glue_7t)
 .glue_7t       0x08001fe4        0x0 linker stubs
 *(.eh_frame)
 .eh_frame      0x08001fe4        0x0 D:/AAAdownload/CubeIDE/STM32CubeIDE_1.17.0/STM32CubeIDE/plugins/com.st.stm32cube.ide.mcu.externaltools.gnu-tools-for-stm32.12.3.rel1.win32_1.1.0.202410251130/tools/bin/../lib/gcc/arm-none-eabi/12.3.1/thumb/v7-m/nofp/crtbegin.o
 *(.init)
 .init          0x08001fe4        0x4 D:/AAAdownload/CubeIDE/STM32CubeIDE_1.17.0/STM32CubeIDE/plugins/com.st.stm32cube.ide.mcu.externaltools.gnu-tools-for-stm32.12.3.rel1.win32_1.1.0.202410251130/tools/bin/../lib/gcc/arm-none-eabi/12.3.1/thumb/v7-m/nofp/crti.o
                0x08001fe4                _init
 .init          0x08001fe8        0x8 D:/AAAdownload/CubeIDE/STM32CubeIDE_1.17.0/STM32CubeIDE/plugins/com.st.stm32cube.ide.mcu.externaltools.gnu-tools-for-stm32.12.3.rel1.win32_1.1.0.202410251130/tools/bin/../lib/gcc/arm-none-eabi/12.3.1/thumb/v7-m/nofp/crtn.o
 *(.fini)
 .fini          0x08001ff0        0x4 D:/AAAdownload/CubeIDE/STM32CubeIDE_1.17.0/STM32CubeIDE/plugins/com.st.stm32cube.ide.mcu.externaltools.gnu-tools-for-stm32.12.3.rel1.win32_1.1.0.202410251130/tools/bin/../lib/gcc/arm-none-eabi/12.3.1/thumb/v7-m/nofp/crti.o
                0x08001ff0                _fini
 .fini          0x08001ff4        0x8 D:/AAAdownload/CubeIDE/STM32CubeIDE_1.17.0/STM32CubeIDE/plugins/com.st.stm32cube.ide.mcu.externaltools.gnu-tools-for-stm32.12.3.rel1.win32_1.1.0.202410251130/tools/bin/../lib/gcc/arm-none-eabi/12.3.1/thumb/v7-m/nofp/crtn.o
                0x08001ffc                        . = ALIGN (0x4)
                0x08001ffc                        _etext = .

.vfp11_veneer   0x08001ffc        0x0
 .vfp11_veneer  0x08001ffc        0x0 linker stubs

.v4_bx          0x08001ffc        0x0
 .v4_bx         0x08001ffc        0x0 linker stubs

.iplt           0x08001ffc        0x0
 .iplt          0x08001ffc        0x0 D:/AAAdownload/CubeIDE/STM32CubeIDE_1.17.0/STM32CubeIDE/plugins/com.st.stm32cube.ide.mcu.externaltools.gnu-tools-for-stm32.12.3.rel1.win32_1.1.0.202410251130/tools/bin/../lib/gcc/arm-none-eabi/12.3.1/thumb/v7-m/nofp/crtbegin.o

.rodata         0x08001ffc      0x844
                0x08001ffc                        . = ALIGN (0x4)
 *(.rodata)
 .rodata        0x08001ffc        0xe ./Core/Src/main.o
 *(.rodata*)
 *fill*         0x0800200a        0x2 
 .rodata.F6x8   0x0800200c      0x228 ./Core/Src/oledfont.o
                0x0800200c                F6x8
 .rodata.F8X16  0x08002234      0x5e0 ./Core/Src/oledfont.o
                0x08002234                F8X16
 .rodata.AHBPrescTable
                0x08002814       0x10 ./Core/Src/system_stm32f1xx.o
                0x08002814                AHBPrescTable
 .rodata.APBPrescTable
                0x08002824        0x8 ./Core/Src/system_stm32f1xx.o
                0x08002824                APBPrescTable
 .rodata.aPLLMULFactorTable.1
                0x0800282c       0x10 ./Drivers/STM32F1xx_HAL_Driver/Src/stm32f1xx_hal_rcc.o
 .rodata.aPredivFactorTable.0
                0x0800283c        0x2 ./Drivers/STM32F1xx_HAL_Driver/Src/stm32f1xx_hal_rcc.o
                0x08002840                        . = ALIGN (0x4)
 *fill*         0x0800283e        0x2 

.ARM.extab      0x08002840        0x0
                0x08002840                        . = ALIGN (0x4)
 *(.ARM.extab* .gnu.linkonce.armextab.*)
                0x08002840                        . = ALIGN (0x4)

.ARM            0x08002840        0x0
                0x08002840                        . = ALIGN (0x4)
                0x08002840                        __exidx_start = .
 *(.ARM.exidx*)
                0x08002840                        __exidx_end = .
                0x08002840                        . = ALIGN (0x4)

.preinit_array  0x08002840        0x0
                0x08002840                        . = ALIGN (0x4)
                0x08002840                        PROVIDE (__preinit_array_start = .)
 *(.preinit_array*)
                0x08002840                        PROVIDE (__preinit_array_end = .)
                0x08002840                        . = ALIGN (0x4)

.init_array     0x08002840        0x4
                0x08002840                        . = ALIGN (0x4)
                0x08002840                        PROVIDE (__init_array_start = .)
 *(SORT_BY_NAME(.init_array.*))
 *(.init_array*)
 .init_array    0x08002840        0x4 D:/AAAdownload/CubeIDE/STM32CubeIDE_1.17.0/STM32CubeIDE/plugins/com.st.stm32cube.ide.mcu.externaltools.gnu-tools-for-stm32.12.3.rel1.win32_1.1.0.202410251130/tools/bin/../lib/gcc/arm-none-eabi/12.3.1/thumb/v7-m/nofp/crtbegin.o
                0x08002844                        PROVIDE (__init_array_end = .)
                0x08002844                        . = ALIGN (0x4)

.fini_array     0x08002844        0x4
                0x08002844                        . = ALIGN (0x4)
                [!provide]                        PROVIDE (__fini_array_start = .)
 *(SORT_BY_NAME(.fini_array.*))
 *(.fini_array*)
 .fini_array    0x08002844        0x4 D:/AAAdownload/CubeIDE/STM32CubeIDE_1.17.0/STM32CubeIDE/plugins/com.st.stm32cube.ide.mcu.externaltools.gnu-tools-for-stm32.12.3.rel1.win32_1.1.0.202410251130/tools/bin/../lib/gcc/arm-none-eabi/12.3.1/thumb/v7-m/nofp/crtbegin.o
                [!provide]                        PROVIDE (__fini_array_end = .)
                0x08002848                        . = ALIGN (0x4)
                0x08002848                        _sidata = LOADADDR (.data)

.rel.dyn        0x08002848        0x0
 .rel.iplt      0x08002848        0x0 D:/AAAdownload/CubeIDE/STM32CubeIDE_1.17.0/STM32CubeIDE/plugins/com.st.stm32cube.ide.mcu.externaltools.gnu-tools-for-stm32.12.3.rel1.win32_1.1.0.202410251130/tools/bin/../lib/gcc/arm-none-eabi/12.3.1/thumb/v7-m/nofp/crtbegin.o

.data           0x20000000       0xd0 load address 0x08002848
                0x20000000                        . = ALIGN (0x4)
                0x20000000                        _sdata = .
 *(.data)
 *(.data*)
 .data.CMD_Data
                0x20000000       0x17 ./Core/Src/oled.o
                0x20000000                CMD_Data
 *fill*         0x20000017        0x1 
 .data.BMP1     0x20000018       0xac ./Core/Src/oledfont.o
                0x20000018                BMP1
 .data.SystemCoreClock
                0x200000c4        0x4 ./Core/Src/system_stm32f1xx.o
                0x200000c4                SystemCoreClock
 .data.uwTickPrio
                0x200000c8        0x4 ./Drivers/STM32F1xx_HAL_Driver/Src/stm32f1xx_hal.o
                0x200000c8                uwTickPrio
 .data.uwTickFreq
                0x200000cc        0x1 ./Drivers/STM32F1xx_HAL_Driver/Src/stm32f1xx_hal.o
                0x200000cc                uwTickFreq
 *(.RamFunc)
 *(.RamFunc*)
                0x200000d0                        . = ALIGN (0x4)
 *fill*         0x200000cd        0x3 
                0x200000d0                        _edata = .

.igot.plt       0x200000d0        0x0 load address 0x08002918
 .igot.plt      0x200000d0        0x0 D:/AAAdownload/CubeIDE/STM32CubeIDE_1.17.0/STM32CubeIDE/plugins/com.st.stm32cube.ide.mcu.externaltools.gnu-tools-for-stm32.12.3.rel1.win32_1.1.0.202410251130/tools/bin/../lib/gcc/arm-none-eabi/12.3.1/thumb/v7-m/nofp/crtbegin.o
                0x200000d0                        . = ALIGN (0x4)

.bss            0x200000d0       0x74 load address 0x08002918
                0x200000d0                        _sbss = .
                0x200000d0                        __bss_start__ = _sbss
 *(.bss)
 .bss           0x200000d0       0x1c D:/AAAdownload/CubeIDE/STM32CubeIDE_1.17.0/STM32CubeIDE/plugins/com.st.stm32cube.ide.mcu.externaltools.gnu-tools-for-stm32.12.3.rel1.win32_1.1.0.202410251130/tools/bin/../lib/gcc/arm-none-eabi/12.3.1/thumb/v7-m/nofp/crtbegin.o
 *(.bss*)
 .bss.hi2c2     0x200000ec       0x54 ./Core/Src/i2c.o
                0x200000ec                hi2c2
 .bss.uwTick    0x20000140        0x4 ./Drivers/STM32F1xx_HAL_Driver/Src/stm32f1xx_hal.o
                0x20000140                uwTick
 *(COMMON)
                0x20000144                        . = ALIGN (0x4)
                0x20000144                        _ebss = .
                0x20000144                        __bss_end__ = _ebss

._user_heap_stack
                0x20000144      0x604 load address 0x08002918
                0x20000148                        . = ALIGN (0x8)
 *fill*         0x20000144        0x4 
                [!provide]                        PROVIDE (end = .)
                0x20000148                        PROVIDE (_end = .)
                0x20000348                        . = (. + _Min_Heap_Size)
 *fill*         0x20000148      0x200 
                0x20000748                        . = (. + _Min_Stack_Size)
 *fill*         0x20000348      0x400 
                0x20000748                        . = ALIGN (0x8)

/DISCARD/
 libc.a(*)
 libm.a(*)
 libgcc.a(*)

.ARM.attributes
                0x00000000       0x29
 *(.ARM.attributes)
 .ARM.attributes
                0x00000000       0x1d D:/AAAdownload/CubeIDE/STM32CubeIDE_1.17.0/STM32CubeIDE/plugins/com.st.stm32cube.ide.mcu.externaltools.gnu-tools-for-stm32.12.3.rel1.win32_1.1.0.202410251130/tools/bin/../lib/gcc/arm-none-eabi/12.3.1/thumb/v7-m/nofp/crti.o
 .ARM.attributes
                0x0000001d       0x2d D:/AAAdownload/CubeIDE/STM32CubeIDE_1.17.0/STM32CubeIDE/plugins/com.st.stm32cube.ide.mcu.externaltools.gnu-tools-for-stm32.12.3.rel1.win32_1.1.0.202410251130/tools/bin/../lib/gcc/arm-none-eabi/12.3.1/thumb/v7-m/nofp/crtbegin.o
 .ARM.attributes
                0x0000004a       0x2d ./Core/Src/gpio.o
 .ARM.attributes
                0x00000077       0x2d ./Core/Src/i2c.o
 .ARM.attributes
                0x000000a4       0x2d ./Core/Src/main.o
 .ARM.attributes
                0x000000d1       0x2d ./Core/Src/oled.o
 .ARM.attributes
                0x000000fe       0x2d ./Core/Src/oledfont.o
 .ARM.attributes
                0x0000012b       0x2d ./Core/Src/stm32f1xx_hal_msp.o
 .ARM.attributes
                0x00000158       0x2d ./Core/Src/stm32f1xx_it.o
 .ARM.attributes
                0x00000185       0x2d ./Core/Src/system_stm32f1xx.o
 .ARM.attributes
                0x000001b2       0x21 ./Core/Startup/startup_stm32f103c8tx.o
 .ARM.attributes
                0x000001d3       0x2d ./Drivers/STM32F1xx_HAL_Driver/Src/stm32f1xx_hal.o
 .ARM.attributes
                0x00000200       0x2d ./Drivers/STM32F1xx_HAL_Driver/Src/stm32f1xx_hal_cortex.o
 .ARM.attributes
                0x0000022d       0x2d ./Drivers/STM32F1xx_HAL_Driver/Src/stm32f1xx_hal_gpio.o
 .ARM.attributes
                0x0000025a       0x2d ./Drivers/STM32F1xx_HAL_Driver/Src/stm32f1xx_hal_i2c.o
 .ARM.attributes
                0x00000287       0x2d ./Drivers/STM32F1xx_HAL_Driver/Src/stm32f1xx_hal_rcc.o
 .ARM.attributes
                0x000002b4       0x2d D:/AAAdownload/CubeIDE/STM32CubeIDE_1.17.0/STM32CubeIDE/plugins/com.st.stm32cube.ide.mcu.externaltools.gnu-tools-for-stm32.12.3.rel1.win32_1.1.0.202410251130/tools/bin/../lib/gcc/arm-none-eabi/12.3.1/../../../../arm-none-eabi/lib/thumb/v7-m/nofp\libc_nano.a(libc_a-memset.o)
 .ARM.attributes
                0x000002e1       0x2d D:/AAAdownload/CubeIDE/STM32CubeIDE_1.17.0/STM32CubeIDE/plugins/com.st.stm32cube.ide.mcu.externaltools.gnu-tools-for-stm32.12.3.rel1.win32_1.1.0.202410251130/tools/bin/../lib/gcc/arm-none-eabi/12.3.1/../../../../arm-none-eabi/lib/thumb/v7-m/nofp\libc_nano.a(libc_a-init.o)
 .ARM.attributes
                0x0000030e       0x1d D:/AAAdownload/CubeIDE/STM32CubeIDE_1.17.0/STM32CubeIDE/plugins/com.st.stm32cube.ide.mcu.externaltools.gnu-tools-for-stm32.12.3.rel1.win32_1.1.0.202410251130/tools/bin/../lib/gcc/arm-none-eabi/12.3.1/thumb/v7-m/nofp/crtn.o
OUTPUT(OLED2.elf elf32-littlearm)
LOAD linker stubs
LOAD D:/AAAdownload/CubeIDE/STM32CubeIDE_1.17.0/STM32CubeIDE/plugins/com.st.stm32cube.ide.mcu.externaltools.gnu-tools-for-stm32.12.3.rel1.win32_1.1.0.202410251130/tools/bin/../lib/gcc/arm-none-eabi/12.3.1/../../../../arm-none-eabi/lib/thumb/v7-m/nofp\libc.a
LOAD D:/AAAdownload/CubeIDE/STM32CubeIDE_1.17.0/STM32CubeIDE/plugins/com.st.stm32cube.ide.mcu.externaltools.gnu-tools-for-stm32.12.3.rel1.win32_1.1.0.202410251130/tools/bin/../lib/gcc/arm-none-eabi/12.3.1/../../../../arm-none-eabi/lib/thumb/v7-m/nofp\libm.a
LOAD D:/AAAdownload/CubeIDE/STM32CubeIDE_1.17.0/STM32CubeIDE/plugins/com.st.stm32cube.ide.mcu.externaltools.gnu-tools-for-stm32.12.3.rel1.win32_1.1.0.202410251130/tools/bin/../lib/gcc/arm-none-eabi/12.3.1/thumb/v7-m/nofp\libgcc.a

.debug_info     0x00000000     0x6330
 .debug_info    0x00000000      0x184 ./Core/Src/gpio.o
 .debug_info    0x00000184      0x7e3 ./Core/Src/i2c.o
 .debug_info    0x00000967      0x32b ./Core/Src/main.o
 .debug_info    0x00000c92      0xbcf ./Core/Src/oled.o
 .debug_info    0x00001861      0x14a ./Core/Src/oledfont.o
 .debug_info    0x000019ab      0x1f1 ./Core/Src/stm32f1xx_hal_msp.o
 .debug_info    0x00001b9c      0x113 ./Core/Src/stm32f1xx_it.o
 .debug_info    0x00001caf      0x222 ./Core/Src/system_stm32f1xx.o
 .debug_info    0x00001ed1       0x30 ./Core/Startup/startup_stm32f103c8tx.o
 .debug_info    0x00001f01      0x704 ./Drivers/STM32F1xx_HAL_Driver/Src/stm32f1xx_hal.o
 .debug_info    0x00002605      0xa87 ./Drivers/STM32F1xx_HAL_Driver/Src/stm32f1xx_hal_cortex.o
 .debug_info    0x0000308c      0x5ab ./Drivers/STM32F1xx_HAL_Driver/Src/stm32f1xx_hal_gpio.o
 .debug_info    0x00003637     0x2524 ./Drivers/STM32F1xx_HAL_Driver/Src/stm32f1xx_hal_i2c.o
 .debug_info    0x00005b5b      0x7d5 ./Drivers/STM32F1xx_HAL_Driver/Src/stm32f1xx_hal_rcc.o

.debug_abbrev   0x00000000     0x162f
 .debug_abbrev  0x00000000       0xc6 ./Core/Src/gpio.o
 .debug_abbrev  0x000000c6      0x1de ./Core/Src/i2c.o
 .debug_abbrev  0x000002a4      0x1aa ./Core/Src/main.o
 .debug_abbrev  0x0000044e      0x29a ./Core/Src/oled.o
 .debug_abbrev  0x000006e8       0x7d ./Core/Src/oledfont.o
 .debug_abbrev  0x00000765       0xdb ./Core/Src/stm32f1xx_hal_msp.o
 .debug_abbrev  0x00000840       0x73 ./Core/Src/stm32f1xx_it.o
 .debug_abbrev  0x000008b3      0x13f ./Core/Src/system_stm32f1xx.o
 .debug_abbrev  0x000009f2       0x24 ./Core/Startup/startup_stm32f103c8tx.o
 .debug_abbrev  0x00000a16      0x201 ./Drivers/STM32F1xx_HAL_Driver/Src/stm32f1xx_hal.o
 .debug_abbrev  0x00000c17      0x2f8 ./Drivers/STM32F1xx_HAL_Driver/Src/stm32f1xx_hal_cortex.o
 .debug_abbrev  0x00000f0f      0x1ca ./Drivers/STM32F1xx_HAL_Driver/Src/stm32f1xx_hal_gpio.o
 .debug_abbrev  0x000010d9      0x2a3 ./Drivers/STM32F1xx_HAL_Driver/Src/stm32f1xx_hal_i2c.o
 .debug_abbrev  0x0000137c      0x2b3 ./Drivers/STM32F1xx_HAL_Driver/Src/stm32f1xx_hal_rcc.o

.debug_aranges  0x00000000      0x790
 .debug_aranges
                0x00000000       0x20 ./Core/Src/gpio.o
 .debug_aranges
                0x00000020       0x30 ./Core/Src/i2c.o
 .debug_aranges
                0x00000050       0x30 ./Core/Src/main.o
 .debug_aranges
                0x00000080       0xb8 ./Core/Src/oled.o
 .debug_aranges
                0x00000138       0x18 ./Core/Src/oledfont.o
 .debug_aranges
                0x00000150       0x20 ./Core/Src/stm32f1xx_hal_msp.o
 .debug_aranges
                0x00000170       0x60 ./Core/Src/stm32f1xx_it.o
 .debug_aranges
                0x000001d0       0x28 ./Core/Src/system_stm32f1xx.o
 .debug_aranges
                0x000001f8       0x28 ./Core/Startup/startup_stm32f103c8tx.o
 .debug_aranges
                0x00000220       0xe0 ./Drivers/STM32F1xx_HAL_Driver/Src/stm32f1xx_hal.o
 .debug_aranges
                0x00000300      0x100 ./Drivers/STM32F1xx_HAL_Driver/Src/stm32f1xx_hal_cortex.o
 .debug_aranges
                0x00000400       0x58 ./Drivers/STM32F1xx_HAL_Driver/Src/stm32f1xx_hal_gpio.o
 .debug_aranges
                0x00000458      0x2a8 ./Drivers/STM32F1xx_HAL_Driver/Src/stm32f1xx_hal_i2c.o
 .debug_aranges
                0x00000700       0x90 ./Drivers/STM32F1xx_HAL_Driver/Src/stm32f1xx_hal_rcc.o

.debug_rnglists
                0x00000000      0x5ac
 .debug_rnglists
                0x00000000       0x13 ./Core/Src/gpio.o
 .debug_rnglists
                0x00000013       0x20 ./Core/Src/i2c.o
 .debug_rnglists
                0x00000033       0x20 ./Core/Src/main.o
 .debug_rnglists
                0x00000053       0x8b ./Core/Src/oled.o
 .debug_rnglists
                0x000000de       0x13 ./Core/Src/stm32f1xx_hal_msp.o
 .debug_rnglists
                0x000000f1       0x43 ./Core/Src/stm32f1xx_it.o
 .debug_rnglists
                0x00000134       0x1a ./Core/Src/system_stm32f1xx.o
 .debug_rnglists
                0x0000014e       0x19 ./Core/Startup/startup_stm32f103c8tx.o
 .debug_rnglists
                0x00000167       0xa3 ./Drivers/STM32F1xx_HAL_Driver/Src/stm32f1xx_hal.o
 .debug_rnglists
                0x0000020a       0xbb ./Drivers/STM32F1xx_HAL_Driver/Src/stm32f1xx_hal_cortex.o
 .debug_rnglists
                0x000002c5       0x3f ./Drivers/STM32F1xx_HAL_Driver/Src/stm32f1xx_hal_gpio.o
 .debug_rnglists
                0x00000304      0x23c ./Drivers/STM32F1xx_HAL_Driver/Src/stm32f1xx_hal_i2c.o
 .debug_rnglists
                0x00000540       0x6c ./Drivers/STM32F1xx_HAL_Driver/Src/stm32f1xx_hal_rcc.o

.debug_macro    0x00000000    0x16327
 .debug_macro   0x00000000      0x1a2 ./Core/Src/gpio.o
 .debug_macro   0x000001a2      0xaa8 ./Core/Src/gpio.o
 .debug_macro   0x00000c4a      0x215 ./Core/Src/gpio.o
 .debug_macro   0x00000e5f       0x2e ./Core/Src/gpio.o
 .debug_macro   0x00000e8d       0x22 ./Core/Src/gpio.o
 .debug_macro   0x00000eaf       0x22 ./Core/Src/gpio.o
 .debug_macro   0x00000ed1       0x8e ./Core/Src/gpio.o
 .debug_macro   0x00000f5f       0x51 ./Core/Src/gpio.o
 .debug_macro   0x00000fb0      0x103 ./Core/Src/gpio.o
 .debug_macro   0x000010b3       0x6a ./Core/Src/gpio.o
 .debug_macro   0x0000111d      0x1df ./Core/Src/gpio.o
 .debug_macro   0x000012fc       0x1c ./Core/Src/gpio.o
 .debug_macro   0x00001318       0x22 ./Core/Src/gpio.o
 .debug_macro   0x0000133a       0xbd ./Core/Src/gpio.o
 .debug_macro   0x000013f7      0xd23 ./Core/Src/gpio.o
 .debug_macro   0x0000211a     0xe09e ./Core/Src/gpio.o
 .debug_macro   0x000101b8       0x6d ./Core/Src/gpio.o
 .debug_macro   0x00010225     0x34a2 ./Core/Src/gpio.o
 .debug_macro   0x000136c7      0x189 ./Core/Src/gpio.o
 .debug_macro   0x00013850       0x5c ./Core/Src/gpio.o
 .debug_macro   0x000138ac      0x5bc ./Core/Src/gpio.o
 .debug_macro   0x00013e68      0x289 ./Core/Src/gpio.o
 .debug_macro   0x000140f1      0x1cb ./Core/Src/gpio.o
 .debug_macro   0x000142bc      0x114 ./Core/Src/gpio.o
 .debug_macro   0x000143d0      0x1b2 ./Core/Src/gpio.o
 .debug_macro   0x00014582       0x27 ./Core/Src/gpio.o
 .debug_macro   0x000145a9      0x136 ./Core/Src/gpio.o
 .debug_macro   0x000146df      0x1bc ./Core/Src/gpio.o
 .debug_macro   0x0001489b       0x34 ./Core/Src/gpio.o
 .debug_macro   0x000148cf       0x3c ./Core/Src/gpio.o
 .debug_macro   0x0001490b       0x57 ./Core/Src/gpio.o
 .debug_macro   0x00014962       0x87 ./Core/Src/gpio.o
 .debug_macro   0x000149e9      0x240 ./Core/Src/gpio.o
 .debug_macro   0x00014c29      0x287 ./Core/Src/gpio.o
 .debug_macro   0x00014eb0      0x140 ./Core/Src/gpio.o
 .debug_macro   0x00014ff0       0x83 ./Core/Src/gpio.o
 .debug_macro   0x00015073      0x1a2 ./Core/Src/i2c.o
 .debug_macro   0x00015215      0x1c4 ./Core/Src/main.o
 .debug_macro   0x000153d9      0x1b6 ./Core/Src/oled.o
 .debug_macro   0x0001558f       0x1b ./Core/Src/oledfont.o
 .debug_macro   0x000155aa      0x198 ./Core/Src/stm32f1xx_hal_msp.o
 .debug_macro   0x00015742      0x1a2 ./Core/Src/stm32f1xx_it.o
 .debug_macro   0x000158e4      0x18e ./Core/Src/system_stm32f1xx.o
 .debug_macro   0x00015a72      0x1b2 ./Drivers/STM32F1xx_HAL_Driver/Src/stm32f1xx_hal.o
 .debug_macro   0x00015c24      0x18e ./Drivers/STM32F1xx_HAL_Driver/Src/stm32f1xx_hal_cortex.o
 .debug_macro   0x00015db2      0x1f9 ./Drivers/STM32F1xx_HAL_Driver/Src/stm32f1xx_hal_gpio.o
 .debug_macro   0x00015fab      0x1dc ./Drivers/STM32F1xx_HAL_Driver/Src/stm32f1xx_hal_i2c.o
 .debug_macro   0x00016187      0x1a0 ./Drivers/STM32F1xx_HAL_Driver/Src/stm32f1xx_hal_rcc.o

.debug_line     0x00000000     0xb317
 .debug_line    0x00000000      0x854 ./Core/Src/gpio.o
 .debug_line    0x00000854      0x8bc ./Core/Src/i2c.o
 .debug_line    0x00001110      0x8f9 ./Core/Src/main.o
 .debug_line    0x00001a09      0xdcb ./Core/Src/oled.o
 .debug_line    0x000027d4       0x51 ./Core/Src/oledfont.o
 .debug_line    0x00002825      0x857 ./Core/Src/stm32f1xx_hal_msp.o
 .debug_line    0x0000307c      0x919 ./Core/Src/stm32f1xx_it.o
 .debug_line    0x00003995      0x8d5 ./Core/Src/system_stm32f1xx.o
 .debug_line    0x0000426a       0x78 ./Core/Startup/startup_stm32f103c8tx.o
 .debug_line    0x000042e2      0xb02 ./Drivers/STM32F1xx_HAL_Driver/Src/stm32f1xx_hal.o
 .debug_line    0x00004de4      0xcee ./Drivers/STM32F1xx_HAL_Driver/Src/stm32f1xx_hal_cortex.o
 .debug_line    0x00005ad2      0xb9b ./Drivers/STM32F1xx_HAL_Driver/Src/stm32f1xx_hal_gpio.o
 .debug_line    0x0000666d     0x3d9f ./Drivers/STM32F1xx_HAL_Driver/Src/stm32f1xx_hal_i2c.o
 .debug_line    0x0000a40c      0xf0b ./Drivers/STM32F1xx_HAL_Driver/Src/stm32f1xx_hal_rcc.o

.debug_str      0x00000000    0x7e719
 .debug_str     0x00000000    0x7c2db ./Core/Src/gpio.o
                              0x7c5f9 (size before relaxing)
 .debug_str     0x0007c2db      0x503 ./Core/Src/i2c.o
                              0x7cb59 (size before relaxing)
 .debug_str     0x0007c7de      0x1cf ./Core/Src/main.o
                              0x7c7df (size before relaxing)
 .debug_str     0x0007c9ad      0x1b5 ./Core/Src/oled.o
                              0x7cc5e (size before relaxing)
 .debug_str     0x0007cb62       0x17 ./Core/Src/oledfont.o
                               0x2dd4 (size before relaxing)
 .debug_str     0x0007cb79       0x5a ./Core/Src/stm32f1xx_hal_msp.o
                              0x7c627 (size before relaxing)
 .debug_str     0x0007cbd3       0xc9 ./Core/Src/stm32f1xx_it.o
                              0x7c63c (size before relaxing)
 .debug_str     0x0007cc9c       0x7e ./Core/Src/system_stm32f1xx.o
                              0x7c652 (size before relaxing)
 .debug_str     0x0007cd1a       0x44 ./Core/Startup/startup_stm32f103c8tx.o
                                 0x60 (size before relaxing)
 .debug_str     0x0007cd5e      0x607 ./Drivers/STM32F1xx_HAL_Driver/Src/stm32f1xx_hal.o
                              0x7cd85 (size before relaxing)
 .debug_str     0x0007d365      0x2bb ./Drivers/STM32F1xx_HAL_Driver/Src/stm32f1xx_hal_cortex.o
                              0x7ccd1 (size before relaxing)
 .debug_str     0x0007d620      0x31d ./Drivers/STM32F1xx_HAL_Driver/Src/stm32f1xx_hal_gpio.o
                              0x7c9d8 (size before relaxing)
 .debug_str     0x0007d93d      0xbd3 ./Drivers/STM32F1xx_HAL_Driver/Src/stm32f1xx_hal_i2c.o
                              0x7d719 (size before relaxing)
 .debug_str     0x0007e510      0x209 ./Drivers/STM32F1xx_HAL_Driver/Src/stm32f1xx_hal_rcc.o
                              0x7ca81 (size before relaxing)

.comment        0x00000000       0x43
 .comment       0x00000000       0x43 ./Core/Src/gpio.o
                                 0x44 (size before relaxing)
 .comment       0x00000043       0x44 ./Core/Src/i2c.o
 .comment       0x00000043       0x44 ./Core/Src/main.o
 .comment       0x00000043       0x44 ./Core/Src/oled.o
 .comment       0x00000043       0x44 ./Core/Src/oledfont.o
 .comment       0x00000043       0x44 ./Core/Src/stm32f1xx_hal_msp.o
 .comment       0x00000043       0x44 ./Core/Src/stm32f1xx_it.o
 .comment       0x00000043       0x44 ./Core/Src/system_stm32f1xx.o
 .comment       0x00000043       0x44 ./Drivers/STM32F1xx_HAL_Driver/Src/stm32f1xx_hal.o
 .comment       0x00000043       0x44 ./Drivers/STM32F1xx_HAL_Driver/Src/stm32f1xx_hal_cortex.o
 .comment       0x00000043       0x44 ./Drivers/STM32F1xx_HAL_Driver/Src/stm32f1xx_hal_gpio.o
 .comment       0x00000043       0x44 ./Drivers/STM32F1xx_HAL_Driver/Src/stm32f1xx_hal_i2c.o
 .comment       0x00000043       0x44 ./Drivers/STM32F1xx_HAL_Driver/Src/stm32f1xx_hal_rcc.o

.debug_frame    0x00000000     0x1d28
 .debug_frame   0x00000000       0x38 ./Core/Src/gpio.o
 .debug_frame   0x00000038       0x74 ./Core/Src/i2c.o
 .debug_frame   0x000000ac       0x6c ./Core/Src/main.o
 .debug_frame   0x00000118      0x2ec ./Core/Src/oled.o
 .debug_frame   0x00000404       0x38 ./Core/Src/stm32f1xx_hal_msp.o
 .debug_frame   0x0000043c      0x104 ./Core/Src/stm32f1xx_it.o
 .debug_frame   0x00000540       0x58 ./Core/Src/system_stm32f1xx.o
 .debug_frame   0x00000598      0x334 ./Drivers/STM32F1xx_HAL_Driver/Src/stm32f1xx_hal.o
 .debug_frame   0x000008cc      0x428 ./Drivers/STM32F1xx_HAL_Driver/Src/stm32f1xx_hal_cortex.o
 .debug_frame   0x00000cf4      0x14c ./Drivers/STM32F1xx_HAL_Driver/Src/stm32f1xx_hal_gpio.o
 .debug_frame   0x00000e40      0xc84 ./Drivers/STM32F1xx_HAL_Driver/Src/stm32f1xx_hal_i2c.o
 .debug_frame   0x00001ac4      0x218 ./Drivers/STM32F1xx_HAL_Driver/Src/stm32f1xx_hal_rcc.o
 .debug_frame   0x00001cdc       0x20 D:/AAAdownload/CubeIDE/STM32CubeIDE_1.17.0/STM32CubeIDE/plugins/com.st.stm32cube.ide.mcu.externaltools.gnu-tools-for-stm32.12.3.rel1.win32_1.1.0.202410251130/tools/bin/../lib/gcc/arm-none-eabi/12.3.1/../../../../arm-none-eabi/lib/thumb/v7-m/nofp\libc_nano.a(libc_a-memset.o)
 .debug_frame   0x00001cfc       0x2c D:/AAAdownload/CubeIDE/STM32CubeIDE_1.17.0/STM32CubeIDE/plugins/com.st.stm32cube.ide.mcu.externaltools.gnu-tools-for-stm32.12.3.rel1.win32_1.1.0.202410251130/tools/bin/../lib/gcc/arm-none-eabi/12.3.1/../../../../arm-none-eabi/lib/thumb/v7-m/nofp\libc_nano.a(libc_a-init.o)

.debug_line_str
                0x00000000       0x44
 .debug_line_str
                0x00000000       0x44 ./Core/Startup/startup_stm32f103c8tx.o
