Archive member included to satisfy reference by file (symbol)

D:/AAAdownload/CubeIDE/STM32CubeIDE_1.17.0/STM32CubeIDE/plugins/com.st.stm32cube.ide.mcu.externaltools.gnu-tools-for-stm32.12.3.rel1.win32_1.1.0.202410251130/tools/bin/../lib/gcc/arm-none-eabi/12.3.1/../../../../arm-none-eabi/lib/thumb/v7-m/nofp\libc_nano.a(libc_a-exit.o)
                              D:/AAAdownload/CubeIDE/STM32CubeIDE_1.17.0/STM32CubeIDE/plugins/com.st.stm32cube.ide.mcu.externaltools.gnu-tools-for-stm32.12.3.rel1.win32_1.1.0.202410251130/tools/bin/../lib/gcc/arm-none-eabi/12.3.1/../../../../arm-none-eabi/lib/thumb/v7-m/nofp/crt0.o (exit)
D:/AAAdownload/CubeIDE/STM32CubeIDE_1.17.0/STM32CubeIDE/plugins/com.st.stm32cube.ide.mcu.externaltools.gnu-tools-for-stm32.12.3.rel1.win32_1.1.0.202410251130/tools/bin/../lib/gcc/arm-none-eabi/12.3.1/../../../../arm-none-eabi/lib/thumb/v7-m/nofp\libc_nano.a(libc_a-findfp.o)
                              D:/AAAdownload/CubeIDE/STM32CubeIDE_1.17.0/STM32CubeIDE/plugins/com.st.stm32cube.ide.mcu.externaltools.gnu-tools-for-stm32.12.3.rel1.win32_1.1.0.202410251130/tools/bin/../lib/gcc/arm-none-eabi/12.3.1/../../../../arm-none-eabi/lib/thumb/v7-m/nofp\libc_nano.a(libc_a-exit.o) (__stdio_exit_handler)
D:/AAAdownload/CubeIDE/STM32CubeIDE_1.17.0/STM32CubeIDE/plugins/com.st.stm32cube.ide.mcu.externaltools.gnu-tools-for-stm32.12.3.rel1.win32_1.1.0.202410251130/tools/bin/../lib/gcc/arm-none-eabi/12.3.1/../../../../arm-none-eabi/lib/thumb/v7-m/nofp\libc_nano.a(libc_a-fwalk.o)
                              D:/AAAdownload/CubeIDE/STM32CubeIDE_1.17.0/STM32CubeIDE/plugins/com.st.stm32cube.ide.mcu.externaltools.gnu-tools-for-stm32.12.3.rel1.win32_1.1.0.202410251130/tools/bin/../lib/gcc/arm-none-eabi/12.3.1/../../../../arm-none-eabi/lib/thumb/v7-m/nofp\libc_nano.a(libc_a-findfp.o) (_fwalk_sglue)
D:/AAAdownload/CubeIDE/STM32CubeIDE_1.17.0/STM32CubeIDE/plugins/com.st.stm32cube.ide.mcu.externaltools.gnu-tools-for-stm32.12.3.rel1.win32_1.1.0.202410251130/tools/bin/../lib/gcc/arm-none-eabi/12.3.1/../../../../arm-none-eabi/lib/thumb/v7-m/nofp\libc_nano.a(libc_a-snprintf.o)
                              ./Core/Src/main.o (snprintf)
D:/AAAdownload/CubeIDE/STM32CubeIDE_1.17.0/STM32CubeIDE/plugins/com.st.stm32cube.ide.mcu.externaltools.gnu-tools-for-stm32.12.3.rel1.win32_1.1.0.202410251130/tools/bin/../lib/gcc/arm-none-eabi/12.3.1/../../../../arm-none-eabi/lib/thumb/v7-m/nofp\libc_nano.a(libc_a-stdio.o)
                              D:/AAAdownload/CubeIDE/STM32CubeIDE_1.17.0/STM32CubeIDE/plugins/com.st.stm32cube.ide.mcu.externaltools.gnu-tools-for-stm32.12.3.rel1.win32_1.1.0.202410251130/tools/bin/../lib/gcc/arm-none-eabi/12.3.1/../../../../arm-none-eabi/lib/thumb/v7-m/nofp\libc_nano.a(libc_a-findfp.o) (__sread)
D:/AAAdownload/CubeIDE/STM32CubeIDE_1.17.0/STM32CubeIDE/plugins/com.st.stm32cube.ide.mcu.externaltools.gnu-tools-for-stm32.12.3.rel1.win32_1.1.0.202410251130/tools/bin/../lib/gcc/arm-none-eabi/12.3.1/../../../../arm-none-eabi/lib/thumb/v7-m/nofp\libc_nano.a(libc_a-memset.o)
                              D:/AAAdownload/CubeIDE/STM32CubeIDE_1.17.0/STM32CubeIDE/plugins/com.st.stm32cube.ide.mcu.externaltools.gnu-tools-for-stm32.12.3.rel1.win32_1.1.0.202410251130/tools/bin/../lib/gcc/arm-none-eabi/12.3.1/../../../../arm-none-eabi/lib/thumb/v7-m/nofp/crt0.o (memset)
D:/AAAdownload/CubeIDE/STM32CubeIDE_1.17.0/STM32CubeIDE/plugins/com.st.stm32cube.ide.mcu.externaltools.gnu-tools-for-stm32.12.3.rel1.win32_1.1.0.202410251130/tools/bin/../lib/gcc/arm-none-eabi/12.3.1/../../../../arm-none-eabi/lib/thumb/v7-m/nofp\libc_nano.a(libc_a-closer.o)
                              D:/AAAdownload/CubeIDE/STM32CubeIDE_1.17.0/STM32CubeIDE/plugins/com.st.stm32cube.ide.mcu.externaltools.gnu-tools-for-stm32.12.3.rel1.win32_1.1.0.202410251130/tools/bin/../lib/gcc/arm-none-eabi/12.3.1/../../../../arm-none-eabi/lib/thumb/v7-m/nofp\libc_nano.a(libc_a-stdio.o) (_close_r)
D:/AAAdownload/CubeIDE/STM32CubeIDE_1.17.0/STM32CubeIDE/plugins/com.st.stm32cube.ide.mcu.externaltools.gnu-tools-for-stm32.12.3.rel1.win32_1.1.0.202410251130/tools/bin/../lib/gcc/arm-none-eabi/12.3.1/../../../../arm-none-eabi/lib/thumb/v7-m/nofp\libc_nano.a(libc_a-reent.o)
                              D:/AAAdownload/CubeIDE/STM32CubeIDE_1.17.0/STM32CubeIDE/plugins/com.st.stm32cube.ide.mcu.externaltools.gnu-tools-for-stm32.12.3.rel1.win32_1.1.0.202410251130/tools/bin/../lib/gcc/arm-none-eabi/12.3.1/../../../../arm-none-eabi/lib/thumb/v7-m/nofp\libc_nano.a(libc_a-closer.o) (errno)
D:/AAAdownload/CubeIDE/STM32CubeIDE_1.17.0/STM32CubeIDE/plugins/com.st.stm32cube.ide.mcu.externaltools.gnu-tools-for-stm32.12.3.rel1.win32_1.1.0.202410251130/tools/bin/../lib/gcc/arm-none-eabi/12.3.1/../../../../arm-none-eabi/lib/thumb/v7-m/nofp\libc_nano.a(libc_a-impure.o)
[...]
Memory Configuration

Name             Origin             Length             Attributes
RAM              0x20000000         0x00005000         xrw
FLASH            0x08000000         0x00010000         xr
*default*        0x00000000         0xffffffff

Linker script and memory map

LOAD D:/AAAdownload/CubeIDE/STM32CubeIDE_1.17.0/STM32CubeIDE/plugins/com.st.stm32cube.ide.mcu.externaltools.gnu-tools-for-stm32.12.3.rel1.win32_1.1.0.202410251130/tools/bin/../lib/gcc/arm-none-eabi/12.3.1/thumb/v7-m/nofp/crti.o
LOAD D:/AAAdownload/CubeIDE/STM32CubeIDE_1.17.0/STM32CubeIDE/plugins/com.st.stm32cube.ide.mcu.externaltools.gnu-tools-for-stm32.12.3.rel1.win32_1.1.0.202410251130/tools/bin/../lib/gcc/arm-none-eabi/12.3.1/thumb/v7-m/nofp/crtbegin.o
LOAD D:/AAAdownload/CubeIDE/STM32CubeIDE_1.17.0/STM32CubeIDE/plugins/com.st.stm32cube.ide.mcu.externaltools.gnu-tools-for-stm32.12.3.rel1.win32_1.1.0.202410251130/tools/bin/../lib/gcc/arm-none-eabi/12.3.1/../../../../arm-none-eabi/lib/thumb/v7-m/nofp/crt0.o
LOAD ./Core/Src/ ppm.o
LOAD ./Core/Src/MS5611.o
LOAD ./Core/Src/dma.o
LOAD ./Core/Src/font.o
LOAD ./Core/Src/gpio.o
LOAD ./Core/Src/gy86.o
LOAD ./Core/Src/i2c.o
LOAD ./Core/Src/main.o
LOAD ./Core/Src/oled.o
LOAD ./Core/Src/oledfont.o
LOAD ./Core/Src/stm32f1xx_hal_msp.o
LOAD ./Core/Src/stm32f1xx_it.o
LOAD ./Core/Src/syscalls.o
LOAD ./Core/Src/sysmem.o
LOAD ./Core/Src/system_stm32f1xx.o
LOAD ./Core/Src/tim.o
LOAD ./Core/Src/usart.o
LOAD ./Core/Startup/startup_stm32f103c8tx.o
LOAD ./Drivers/STM32F1xx_HAL_Driver/Src/stm32f1xx_hal.o
LOAD ./Drivers/STM32F1xx_HAL_Driver/Src/stm32f1xx_hal_cortex.o
LOAD ./Drivers/STM32F1xx_HAL_Driver/Src/stm32f1xx_hal_dma.o
LOAD ./Drivers/STM32F1xx_HAL_Driver/Src/stm32f1xx_hal_exti.o
LOAD ./Drivers/STM32F1xx_HAL_Driver/Src/stm32f1xx_hal_flash.o
LOAD ./Drivers/STM32F1xx_HAL_Driver/Src/stm32f1xx_hal_flash_ex.o
LOAD ./Drivers/STM32F1xx_HAL_Driver/Src/stm32f1xx_hal_gpio.o
LOAD ./Drivers/STM32F1xx_HAL_Driver/Src/stm32f1xx_hal_gpio_ex.o
LOAD ./Drivers/STM32F1xx_HAL_Driver/Src/stm32f1xx_hal_i2c.o
LOAD ./Drivers/STM32F1xx_HAL_Driver/Src/stm32f1xx_hal_pwr.o
LOAD ./Drivers/STM32F1xx_HAL_Driver/Src/stm32f1xx_hal_rcc.o
LOAD ./Drivers/STM32F1xx_HAL_Driver/Src/stm32f1xx_hal_rcc_ex.o
LOAD ./Drivers/STM32F1xx_HAL_Driver/Src/stm32f1xx_hal_tim.o
LOAD ./Drivers/STM32F1xx_HAL_Driver/Src/stm32f1xx_hal_tim_ex.o
LOAD ./Drivers/STM32F1xx_HAL_Driver/Src/stm32f1xx_hal_uart.o
START GROUP
LOAD D:/AAAdownload/CubeIDE/STM32CubeIDE_1.17.0/STM32CubeIDE/plugins/com.st.stm32cube.ide.mcu.externaltools.gnu-tools-for-stm32.12.3.rel1.win32_1.1.0.202410251130/tools/bin/../lib/gcc/arm-none-eabi/12.3.1/../../../../arm-none-eabi/lib/thumb/v7-m/nofp\libc_nano.a
LOAD D:/AAAdownload/CubeIDE/STM32CubeIDE_1.17.0/STM32CubeIDE/plugins/com.st.stm32cube.ide.mcu.externaltools.gnu-tools-for-stm32.12.3.rel1.win32_1.1.0.202410251130/tools/bin/../lib/gcc/arm-none-eabi/12.3.1/../../../../arm-none-eabi/lib/thumb/v7-m/nofp\libm.a
END GROUP
START GROUP
LOAD D:/AAAdownload/CubeIDE/STM32CubeIDE_1.17.0/STM32CubeIDE/plugins/com.st.stm32cube.ide.mcu.externaltools.gnu-tools-for-stm32.12.3.rel1.win32_1.1.0.202410251130/tools/bin/../lib/gcc/arm-none-eabi/12.3.1/thumb/v7-m/nofp\libgcc.a
LOAD D:/AAAdownload/CubeIDE/STM32CubeIDE_1.17.0/STM32CubeIDE/plugins/com.st.stm32cube.ide.mcu.externaltools.gnu-tools-for-stm32.12.3.rel1.win32_1.1.0.202410251130/tools/bin/../lib/gcc/arm-none-eabi/12.3.1/../../../../arm-none-eabi/lib/thumb/v7-m/nofp\libc_nano.a
END GROUP
START GROUP
LOAD D:/AAAdownload/CubeIDE/STM32CubeIDE_1.17.0/STM32CubeIDE/plugins/com.st.stm32cube.ide.mcu.externaltools.gnu-tools-for-stm32.12.3.rel1.win32_1.1.0.202410251130/tools/bin/../lib/gcc/arm-none-eabi/12.3.1/thumb/v7-m/nofp\libgcc.a
LOAD D:/AAAdownload/CubeIDE/STM32CubeIDE_1.17.0/STM32CubeIDE/plugins/com.st.stm32cube.ide.mcu.externaltools.gnu-tools-for-stm32.12.3.rel1.win32_1.1.0.202410251130/tools/bin/../lib/gcc/arm-none-eabi/12.3.1/../../../../arm-none-eabi/lib/thumb/v7-m/nofp\libc_nano.a
LOAD D:/AAAdownload/CubeIDE/STM32CubeIDE_1.17.0/STM32CubeIDE/plugins/com.st.stm32cube.ide.mcu.externaltools.gnu-tools-for-stm32.12.3.rel1.win32_1.1.0.202410251130/tools/bin/../lib/gcc/arm-none-eabi/12.3.1/../../../../arm-none-eabi/lib/thumb/v7-m/nofp\libnosys.a
END GROUP
START GROUP
LOAD D:/AAAdownload/CubeIDE/STM32CubeIDE_1.17.0/STM32CubeIDE/plugins/com.st.stm32cube.ide.mcu.externaltools.gnu-tools-for-stm32.12.3.rel1.win32_1.1.0.202410251130/tools/bin/../lib/gcc/arm-none-eabi/12.3.1/thumb/v7-m/nofp\libgcc.a
LOAD D:/AAAdownload/CubeIDE/STM32CubeIDE_1.17.0/STM32CubeIDE/plugins/com.st.stm32cube.ide.mcu.externaltools.gnu-tools-for-stm32.12.3.rel1.win32_1.1.0.202410251130/tools/bin/../lib/gcc/arm-none-eabi/12.3.1/../../../../arm-none-eabi/lib/thumb/v7-m/nofp\libc_nano.a
LOAD D:/AAAdownload/CubeIDE/STM32CubeIDE_1.17.0/STM32CubeIDE/plugins/com.st.stm32cube.ide.mcu.externaltools.gnu-tools-for-stm32.12.3.rel1.win32_1.1.0.202410251130/tools/bin/../lib/gcc/arm-none-eabi/12.3.1/../../../../arm-none-eabi/lib/thumb/v7-m/nofp\libnosys.a
END GROUP
LOAD D:/AAAdownload/CubeIDE/STM32CubeIDE_1.17.0/STM32CubeIDE/plugins/com.st.stm32cube.ide.mcu.externaltools.gnu-tools-for-stm32.12.3.rel1.win32_1.1.0.202410251130/tools/bin/../lib/gcc/arm-none-eabi/12.3.1/thumb/v7-m/nofp/crtend.o
LOAD D:/AAAdownload/CubeIDE/STM32CubeIDE_1.17.0/STM32CubeIDE/plugins/com.st.stm32cube.ide.mcu.externaltools.gnu-tools-for-stm32.12.3.rel1.win32_1.1.0.202410251130/tools/bin/../lib/gcc/arm-none-eabi/12.3.1/thumb/v7-m/nofp/crtn.o
                0x20005000                        _estack = (ORIGIN (RAM) + LENGTH (RAM))
                0x00000200                        _Min_Heap_Size = 0x200
                0x00000400                        _Min_Stack_Size = 0x400

.isr_vector     0x08000000      0x10c
                0x08000000                        . = ALIGN (0x4)
 *(.isr_vector)
 .isr_vector    0x08000000      0x10c ./Core/Startup/startup_stm32f103c8tx.o
                0x08000000                g_pfnVectors
                0x0800010c                        . = ALIGN (0x4)

.text           0x0800010c     0x59bc
                0x0800010c                        . = ALIGN (0x4)
 *(.text)
 .text          0x0800010c       0x40 D:/AAAdownload/CubeIDE/STM32CubeIDE_1.17.0/STM32CubeIDE/plugins/com.st.stm32cube.ide.mcu.externaltools.gnu-tools-for-stm32.12.3.rel1.win32_1.1.0.202410251130/tools/bin/../lib/gcc/arm-none-eabi/12.3.1/thumb/v7-m/nofp/crtbegin.o
 *(.text*)
 .text.HAL_GPIO_EXTI_Callback
                0x0800014c       0xbc ./Core/Src/ ppm.o
                0x0800014c                HAL_GPIO_EXTI_Callback
 .text.MX_DMA_Init
                0x08000208       0x6c ./Core/Src/dma.o
                0x08000208                MX_DMA_Init
 .text.MX_GPIO_Init
                0x08000274       0xe0 ./Core/Src/gpio.o
                0x08000274                MX_GPIO_Init
 .text.HMC5883L_Init
                0x08000354       0x60 ./Core/Src/gy86.o
                0x08000354                HMC5883L_Init
 .text.HMC5883L_ReadData
                0x080003b4       0x6c ./Core/Src/gy86.o
                0x080003b4                HMC5883L_ReadData
 .text.MPU6050_Init
                0x08000420       0xe0 ./Core/Src/gy86.o
                0x08000420                MPU6050_Init
 .text.MPU6050_GetData
                0x08000500       0xa4 ./Core/Src/gy86.o
                0x08000500                MPU6050_GetData
 .text.MX_I2C1_Init
                0x080005a4       0x5c ./Core/Src/i2c.o
                0x080005a4                MX_I2C1_Init
 .text.MX_I2C2_Init
                0x08000600       0x5c ./Core/Src/i2c.o
                0x08000600                MX_I2C2_Init
 .text.HAL_I2C_MspInit
                0x0800065c       0xf8 ./Core/Src/i2c.o
                0x0800065c                HAL_I2C_MspInit
 .text.main     0x08000754      0x1b8 ./Core/Src/main.o
                0x08000754                main
 .text.SystemClock_Config
                0x0800090c       0x8a ./Core/Src/main.o
                0x0800090c                SystemClock_Config
 .text.Error_Handler
                0x08000996        0xc ./Core/Src/main.o
                0x08000996                Error_Handler
 *fill*         0x080009a2        0x2 
 .text.OLED_Init
                0x080009a4       0x3c ./Core/Src/oled.o
                0x080009a4                OLED_Init
 .text.OLED_WR_CMD
                0x080009e0       0x30 ./Core/Src/oled.o
                0x080009e0                OLED_WR_CMD
 .text.OLED_WR_DATA
                0x08000a10       0x30 ./Core/Src/oled.o
                0x08000a10                OLED_WR_DATA
 .text.OLED_Clear
                0x08000a40       0x54 ./Core/Src/oled.o
                0x08000a40                OLED_Clear
 .text.OLED_Set_Pos
                0x08000a94       0x44 ./Core/Src/oled.o
                0x08000a94                OLED_Set_Pos
 .text.OLED_ShowChar
                0x08000ad8      0x160 ./Core/Src/oled.o
                0x08000ad8                OLED_ShowChar
 .text.OLED_ShowString
                0x08000c38       0x92 ./Core/Src/oled.o
                0x08000c38                OLED_ShowString
 .text.OLED_DrawBMP
                0x08000cca       0xb8 ./Core/Src/oled.o
                0x08000cca                OLED_DrawBMP
 *fill*         0x08000d82        0x2 
 .text.HAL_MspInit
                0x08000d84       0x64 ./Core/Src/stm32f1xx_hal_msp.o
                0x08000d84                HAL_MspInit
 .text.NMI_Handler
                0x08000de8        0x8 ./Core/Src/stm32f1xx_it.o
                0x08000de8                NMI_Handler
 .text.HardFault_Handler
                0x08000df0        0x8 ./Core/Src/stm32f1xx_it.o
                0x08000df0                HardFault_Handler
 .text.MemManage_Handler
                0x08000df8        0x8 ./Core/Src/stm32f1xx_it.o
                0x08000df8                MemManage_Handler
 .text.BusFault_Handler
                0x08000e00        0x8 ./Core/Src/stm32f1xx_it.o
                0x08000e00                BusFault_Handler
 .text.UsageFault_Handler
                0x08000e08        0x8 ./Core/Src/stm32f1xx_it.o
                0x08000e08                UsageFault_Handler
 .text.SVC_Handler
                0x08000e10        0xc ./Core/Src/stm32f1xx_it.o
                0x08000e10                SVC_Handler
 .text.DebugMon_Handler
                0x08000e1c        0xc ./Core/Src/stm32f1xx_it.o
                0x08000e1c                DebugMon_Handler
 .text.PendSV_Handler
                0x08000e28        0xc ./Core/Src/stm32f1xx_it.o
                0x08000e28                PendSV_Handler
 .text.SysTick_Handler
                0x08000e34        0xc ./Core/Src/stm32f1xx_it.o
                0x08000e34                SysTick_Handler
 .text.EXTI0_IRQHandler
                0x08000e40        0xe ./Core/Src/stm32f1xx_it.o
                0x08000e40                EXTI0_IRQHandler
 *fill*         0x08000e4e        0x2 
 .text.DMA1_Channel4_IRQHandler
                0x08000e50       0x14 ./Core/Src/stm32f1xx_it.o
                0x08000e50                DMA1_Channel4_IRQHandler
 .text.DMA1_Channel5_IRQHandler
                0x08000e64       0x14 ./Core/Src/stm32f1xx_it.o
                0x08000e64                DMA1_Channel5_IRQHandler
 .text.DMA1_Channel6_IRQHandler
                0x08000e78       0x14 ./Core/Src/stm32f1xx_it.o
                0x08000e78                DMA1_Channel6_IRQHandler
 .text.DMA1_Channel7_IRQHandler
                0x08000e8c       0x14 ./Core/Src/stm32f1xx_it.o
                0x08000e8c                DMA1_Channel7_IRQHandler
 .text.USART1_IRQHandler
                0x08000ea0       0x14 ./Core/Src/stm32f1xx_it.o
                0x08000ea0                USART1_IRQHandler
 .text.USART2_IRQHandler
                0x08000eb4       0x14 ./Core/Src/stm32f1xx_it.o
                0x08000eb4                USART2_IRQHandler
 .text._sbrk    0x08000ec8       0x6c ./Core/Src/sysmem.o
                0x08000ec8                _sbrk
 .text.SystemInit
                0x08000f34        0xc ./Core/Src/system_stm32f1xx.o
                0x08000f34                SystemInit
 .text.MX_TIM1_Init
                0x08000f40      0x188 ./Core/Src/tim.o
                0x08000f40                MX_TIM1_Init
 .text.MX_TIM2_Init
                0x080010c8       0x98 ./Core/Src/tim.o
                0x080010c8                MX_TIM2_Init
 .text.HAL_TIM_Base_MspInit
                0x08001160       0x60 ./Core/Src/tim.o
                0x08001160                HAL_TIM_Base_MspInit
 .text.HAL_TIM_MspPostInit
                0x080011c0       0x68 ./Core/Src/tim.o
                0x080011c0                HAL_TIM_MspPostInit
 .text.MX_USART1_UART_Init
                0x08001228       0x54 ./Core/Src/usart.o
                0x08001228                MX_USART1_UART_Init
 .text.MX_USART2_UART_Init
                0x0800127c       0x54 ./Core/Src/usart.o
                0x0800127c                MX_USART2_UART_Init
 .text.HAL_UART_MspInit
                0x080012d0      0x29c ./Core/Src/usart.o
                0x080012d0                HAL_UART_MspInit
 .text.Reset_Handler
                0x0800156c       0x48 ./Core/Startup/startup_stm32f103c8tx.o
                0x0800156c                Reset_Handler
 .text.Default_Handler
                0x080015b4        0x2 ./Core/Startup/startup_stm32f103c8tx.o
                0x080015b4                RTC_Alarm_IRQHandler
                0x080015b4                EXTI2_IRQHandler
                0x080015b4                TIM1_CC_IRQHandler
                0x080015b4                PVD_IRQHandler
                0x080015b4                EXTI3_IRQHandler
                0x080015b4                I2C2_EV_IRQHandler
                0x080015b4                ADC1_2_IRQHandler
                0x080015b4                SPI1_IRQHandler
                0x080015b4                TAMPER_IRQHandler
                0x080015b4                USART3_IRQHandler
                0x080015b4                RTC_IRQHandler
                0x080015b4                CAN1_RX1_IRQHandler
                0x080015b4                TIM4_IRQHandler
                0x080015b4                I2C1_EV_IRQHandler
                0x080015b4                TIM3_IRQHandler
                0x080015b4                RCC_IRQHandler
                0x080015b4                TIM1_TRG_COM_IRQHandler
                0x080015b4                DMA1_Channel1_IRQHandler
                0x080015b4                Default_Handler
                0x080015b4                EXTI15_10_IRQHandler
                0x080015b4                EXTI9_5_IRQHandler
                0x080015b4                SPI2_IRQHandler
                0x080015b4                EXTI4_IRQHandler
                0x080015b4                USB_LP_CAN1_RX0_IRQHandler
                0x080015b4                USB_HP_CAN1_TX_IRQHandler
                0x080015b4                DMA1_Channel3_IRQHandler
                0x080015b4                TIM1_UP_IRQHandler
                0x080015b4                WWDG_IRQHandler
                0x080015b4                TIM2_IRQHandler
                0x080015b4                TIM1_BRK_IRQHandler
                0x080015b4                EXTI1_IRQHandler
                0x080015b4                I2C2_ER_IRQHandler
                0x080015b4                DMA1_Channel2_IRQHandler
                0x080015b4                CAN1_SCE_IRQHandler
                0x080015b4                FLASH_IRQHandler
                0x080015b4                I2C1_ER_IRQHandler
                0x080015b4                USBWakeUp_IRQHandler
 *fill*         0x080015b6        0x2 
 .text.HAL_Init
                0x080015b8       0x2c ./Drivers/STM32F1xx_HAL_Driver/Src/stm32f1xx_hal.o
                0x080015b8                HAL_Init
 .text.HAL_InitTick
                0x080015e4       0x60 ./Drivers/STM32F1xx_HAL_Driver/Src/stm32f1xx_hal.o
                0x080015e4                HAL_InitTick
 .text.HAL_IncTick
                0x08001644       0x24 ./Drivers/STM32F1xx_HAL_Driver/Src/stm32f1xx_hal.o
                0x08001644                HAL_IncTick
 .text.HAL_GetTick
                0x08001668       0x14 ./Drivers/STM32F1xx_HAL_Driver/Src/stm32f1xx_hal.o
                0x08001668                HAL_GetTick
 .text.HAL_Delay
                0x0800167c       0x48 ./Drivers/STM32F1xx_HAL_Driver/Src/stm32f1xx_hal.o
                0x0800167c                HAL_Delay
 .text.__NVIC_SetPriorityGrouping
                0x080016c4       0x48 ./Drivers/STM32F1xx_HAL_Driver/Src/stm32f1xx_hal_cortex.o
 .text.__NVIC_GetPriorityGrouping
                0x0800170c       0x1c ./Drivers/STM32F1xx_HAL_Driver/Src/stm32f1xx_hal_cortex.o
 .text.__NVIC_EnableIRQ
                0x08001728       0x38 ./Drivers/STM32F1xx_HAL_Driver/Src/stm32f1xx_hal_cortex.o
 .text.__NVIC_SetPriority
                0x08001760       0x54 ./Drivers/STM32F1xx_HAL_Driver/Src/stm32f1xx_hal_cortex.o
 .text.NVIC_EncodePriority
                0x080017b4       0x64 ./Drivers/STM32F1xx_HAL_Driver/Src/stm32f1xx_hal_cortex.o
 .text.SysTick_Config
                0x08001818       0x44 ./Drivers/STM32F1xx_HAL_Driver/Src/stm32f1xx_hal_cortex.o
 .text.HAL_NVIC_SetPriorityGrouping
                0x0800185c       0x16 ./Drivers/STM32F1xx_HAL_Driver/Src/stm32f1xx_hal_cortex.o
                0x0800185c                HAL_NVIC_SetPriorityGrouping
 .text.HAL_NVIC_SetPriority
                0x08001872       0x38 ./Drivers/STM32F1xx_HAL_Driver/Src/stm32f1xx_hal_cortex.o
                0x08001872                HAL_NVIC_SetPriority
 .text.HAL_NVIC_EnableIRQ
                0x080018aa       0x1c ./Drivers/STM32F1xx_HAL_Driver/Src/stm32f1xx_hal_cortex.o
                0x080018aa                HAL_NVIC_EnableIRQ
 .text.HAL_SYSTICK_Config
                0x080018c6       0x18 ./Drivers/STM32F1xx_HAL_Driver/Src/stm32f1xx_hal_cortex.o
                0x080018c6                HAL_SYSTICK_Config
 *fill*         0x080018de        0x2 
 .text.HAL_DMA_Init
                0x080018e0       0xb4 ./Drivers/STM32F1xx_HAL_Driver/Src/stm32f1xx_hal_dma.o
                0x080018e0                HAL_DMA_Init
 .text.HAL_DMA_Abort
                0x08001994       0x76 ./Drivers/STM32F1xx_HAL_Driver/Src/stm32f1xx_hal_dma.o
                0x08001994                HAL_DMA_Abort
 *fill*         0x08001a0a        0x2 
 .text.HAL_DMA_Abort_IT
                0x08001a0c       0xf0 ./Drivers/STM32F1xx_HAL_Driver/Src/stm32f1xx_hal_dma.o
                0x08001a0c                HAL_DMA_Abort_IT
 .text.HAL_DMA_IRQHandler
                0x08001afc      0x20c ./Drivers/STM32F1xx_HAL_Driver/Src/stm32f1xx_hal_dma.o
                0x08001afc                HAL_DMA_IRQHandler
 .text.HAL_GPIO_Init
                0x08001d08      0x308 ./Drivers/STM32F1xx_HAL_Driver/Src/stm32f1xx_hal_gpio.o
                0x08001d08                HAL_GPIO_Init
 .text.HAL_GPIO_WritePin
                0x08002010       0x30 ./Drivers/STM32F1xx_HAL_Driver/Src/stm32f1xx_hal_gpio.o
                0x08002010                HAL_GPIO_WritePin
 .text.HAL_GPIO_TogglePin
                0x08002040       0x32 ./Drivers/STM32F1xx_HAL_Driver/Src/stm32f1xx_hal_gpio.o
                0x08002040                HAL_GPIO_TogglePin
 *fill*         0x08002072        0x2 
 .text.HAL_GPIO_EXTI_IRQHandler
                0x08002074       0x30 ./Drivers/STM32F1xx_HAL_Driver/Src/stm32f1xx_hal_gpio.o
                0x08002074                HAL_GPIO_EXTI_IRQHandler
 .text.HAL_I2C_Init
                0x080020a4      0x288 ./Drivers/STM32F1xx_HAL_Driver/Src/stm32f1xx_hal_i2c.o
                0x080020a4                HAL_I2C_Init
 .text.HAL_I2C_Mem_Write
                0x0800232c      0x1f4 ./Drivers/STM32F1xx_HAL_Driver/Src/stm32f1xx_hal_i2c.o
                0x0800232c                HAL_I2C_Mem_Write
 .text.HAL_I2C_Mem_Read
                0x08002520      0x4e8 ./Drivers/STM32F1xx_HAL_Driver/Src/stm32f1xx_hal_i2c.o
                0x08002520                HAL_I2C_Mem_Read
 .text.I2C_RequestMemoryWrite
                0x08002a08      0x12c ./Drivers/STM32F1xx_HAL_Driver/Src/stm32f1xx_hal_i2c.o
 .text.I2C_RequestMemoryRead
                0x08002b34      0x1d0 ./Drivers/STM32F1xx_HAL_Driver/Src/stm32f1xx_hal_i2c.o
 .text.I2C_WaitOnFlagUntilTimeout
                0x08002d04       0xf4 ./Drivers/STM32F1xx_HAL_Driver/Src/stm32f1xx_hal_i2c.o
 .text.I2C_WaitOnMasterAddressFlagUntilTimeout
                0x08002df8      0x140 ./Drivers/STM32F1xx_HAL_Driver/Src/stm32f1xx_hal_i2c.o
 .text.I2C_WaitOnTXEFlagUntilTimeout
                0x08002f38       0x90 ./Drivers/STM32F1xx_HAL_Driver/Src/stm32f1xx_hal_i2c.o
 .text.I2C_WaitOnBTFFlagUntilTimeout
                0x08002fc8       0x90 ./Drivers/STM32F1xx_HAL_Driver/Src/stm32f1xx_hal_i2c.o
 .text.I2C_WaitOnRXNEFlagUntilTimeout
                0x08003058       0xba ./Drivers/STM32F1xx_HAL_Driver/Src/stm32f1xx_hal_i2c.o
 .text.I2C_IsAcknowledgeFailed
                0x08003112       0x5c ./Drivers/STM32F1xx_HAL_Driver/Src/stm32f1xx_hal_i2c.o
 *fill*         0x0800316e        0x2 
 .text.HAL_RCC_OscConfig
                0x08003170      0x504 ./Drivers/STM32F1xx_HAL_Driver/Src/stm32f1xx_hal_rcc.o
                0x08003170                HAL_RCC_OscConfig
 .text.HAL_RCC_ClockConfig
                0x08003674      0x1d4 ./Drivers/STM32F1xx_HAL_Driver/Src/stm32f1xx_hal_rcc.o
                0x08003674                HAL_RCC_ClockConfig
 .text.HAL_RCC_GetSysClockFreq
                0x08003848       0xa8 ./Drivers/STM32F1xx_HAL_Driver/Src/stm32f1xx_hal_rcc.o
                0x08003848                HAL_RCC_GetSysClockFreq
 .text.HAL_RCC_GetHCLKFreq
                0x080038f0       0x14 ./Drivers/STM32F1xx_HAL_Driver/Src/stm32f1xx_hal_rcc.o
                0x080038f0                HAL_RCC_GetHCLKFreq
 .text.HAL_RCC_GetPCLK1Freq
                0x08003904       0x28 ./Drivers/STM32F1xx_HAL_Driver/Src/stm32f1xx_hal_rcc.o
                0x08003904                HAL_RCC_GetPCLK1Freq
 .text.HAL_RCC_GetPCLK2Freq
                0x0800392c       0x28 ./Drivers/STM32F1xx_HAL_Driver/Src/stm32f1xx_hal_rcc.o
                0x0800392c                HAL_RCC_GetPCLK2Freq
 .text.RCC_Delay
                0x08003954       0x3c ./Drivers/STM32F1xx_HAL_Driver/Src/stm32f1xx_hal_rcc.o
 .text.HAL_TIM_Base_Init
                0x08003990       0x9e ./Drivers/STM32F1xx_HAL_Driver/Src/stm32f1xx_hal_tim.o
                0x08003990                HAL_TIM_Base_Init
 *fill*         0x08003a2e        0x2 
 .text.HAL_TIM_Base_Start
                0x08003a30       0x94 ./Drivers/STM32F1xx_HAL_Driver/Src/stm32f1xx_hal_tim.o
                0x08003a30                HAL_TIM_Base_Start
 .text.HAL_TIM_PWM_Init
                0x08003ac4       0x9e ./Drivers/STM32F1xx_HAL_Driver/Src/stm32f1xx_hal_tim.o
                0x08003ac4                HAL_TIM_PWM_Init
 .text.HAL_TIM_PWM_MspInit
                0x08003b62       0x12 ./Drivers/STM32F1xx_HAL_Driver/Src/stm32f1xx_hal_tim.o
                0x08003b62                HAL_TIM_PWM_MspInit
 .text.HAL_TIM_PWM_ConfigChannel
                0x08003b74      0x184 ./Drivers/STM32F1xx_HAL_Driver/Src/stm32f1xx_hal_tim.o
                0x08003b74                HAL_TIM_PWM_ConfigChannel
 .text.HAL_TIM_ConfigClockSource
                0x08003cf8      0x18e ./Drivers/STM32F1xx_HAL_Driver/Src/stm32f1xx_hal_tim.o
                0x08003cf8                HAL_TIM_ConfigClockSource
 *fill*         0x08003e86        0x2 
 .text.TIM_Base_SetConfig
                0x08003e88       0xdc ./Drivers/STM32F1xx_HAL_Driver/Src/stm32f1xx_hal_tim.o
                0x08003e88                TIM_Base_SetConfig
 .text.TIM_OC1_SetConfig
                0x08003f64       0xcc ./Drivers/STM32F1xx_HAL_Driver/Src/stm32f1xx_hal_tim.o
 .text.TIM_OC2_SetConfig
                0x08004030       0xd4 ./Drivers/STM32F1xx_HAL_Driver/Src/stm32f1xx_hal_tim.o
                0x08004030                TIM_OC2_SetConfig
 .text.TIM_OC3_SetConfig
                0x08004104       0xd4 ./Drivers/STM32F1xx_HAL_Driver/Src/stm32f1xx_hal_tim.o
 .text.TIM_OC4_SetConfig
                0x080041d8       0x9c ./Drivers/STM32F1xx_HAL_Driver/Src/stm32f1xx_hal_tim.o
 .text.TIM_TI1_ConfigInputStage
                0x08004274       0x5c ./Drivers/STM32F1xx_HAL_Driver/Src/stm32f1xx_hal_tim.o
 .text.TIM_TI2_ConfigInputStage
                0x080042d0       0x5e ./Drivers/STM32F1xx_HAL_Driver/Src/stm32f1xx_hal_tim.o
 .text.TIM_ITRx_SetConfig
                0x0800432e       0x34 ./Drivers/STM32F1xx_HAL_Driver/Src/stm32f1xx_hal_tim.o
 .text.TIM_ETR_SetConfig
                0x08004362       0x3e ./Drivers/STM32F1xx_HAL_Driver/Src/stm32f1xx_hal_tim.o
                0x08004362                TIM_ETR_SetConfig
 .text.HAL_TIMEx_MasterConfigSynchronization
                0x080043a0       0xbc ./Drivers/STM32F1xx_HAL_Driver/Src/stm32f1xx_hal_tim_ex.o
                0x080043a0                HAL_TIMEx_MasterConfigSynchronization
 .text.HAL_TIMEx_ConfigBreakDeadTime
                0x0800445c       0xa2 ./Drivers/STM32F1xx_HAL_Driver/Src/stm32f1xx_hal_tim_ex.o
                0x0800445c                HAL_TIMEx_ConfigBreakDeadTime
 .text.HAL_UART_Init
                0x080044fe       0xa0 ./Drivers/STM32F1xx_HAL_Driver/Src/stm32f1xx_hal_uart.o
                0x080044fe                HAL_UART_Init
 .text.HAL_UART_Transmit
                0x0800459e      0x116 ./Drivers/STM32F1xx_HAL_Driver/Src/stm32f1xx_hal_uart.o
                0x0800459e                HAL_UART_Transmit
 .text.HAL_UART_IRQHandler
                0x080046b4      0x524 ./Drivers/STM32F1xx_HAL_Driver/Src/stm32f1xx_hal_uart.o
                0x080046b4                HAL_UART_IRQHandler
 .text.HAL_UART_TxCpltCallback
                0x08004bd8       0x12 ./Drivers/STM32F1xx_HAL_Driver/Src/stm32f1xx_hal_uart.o
                0x08004bd8                HAL_UART_TxCpltCallback
 .text.HAL_UART_RxCpltCallback
                0x08004bea       0x12 ./Drivers/STM32F1xx_HAL_Driver/Src/stm32f1xx_hal_uart.o
                0x08004bea                HAL_UART_RxCpltCallback
 .text.HAL_UART_ErrorCallback
                0x08004bfc       0x12 ./Drivers/STM32F1xx_HAL_Driver/Src/stm32f1xx_hal_uart.o
                0x08004bfc                HAL_UART_ErrorCallback
 .text.HAL_UARTEx_RxEventCallback
                0x08004c0e       0x16 ./Drivers/STM32F1xx_HAL_Driver/Src/stm32f1xx_hal_uart.o
                0x08004c0e                HAL_UARTEx_RxEventCallback
 .text.UART_WaitOnFlagUntilTimeout
                0x08004c24       0xb2 ./Drivers/STM32F1xx_HAL_Driver/Src/stm32f1xx_hal_uart.o
 .text.UART_EndRxTransfer
                0x08004cd6       0xc4 ./Drivers/STM32F1xx_HAL_Driver/Src/stm32f1xx_hal_uart.o
 .text.UART_DMAAbortOnError
                0x08004d9a       0x28 ./Drivers/STM32F1xx_HAL_Driver/Src/stm32f1xx_hal_uart.o
 .text.UART_Transmit_IT
                0x08004dc2       0x9e ./Drivers/STM32F1xx_HAL_Driver/Src/stm32f1xx_hal_uart.o
 .text.UART_EndTransmit_IT
                0x08004e60       0x30 ./Drivers/STM32F1xx_HAL_Driver/Src/stm32f1xx_hal_uart.o
 .text.UART_Receive_IT
                0x08004e90      0x17c ./Drivers/STM32F1xx_HAL_Driver/Src/stm32f1xx_hal_uart.o
 .text.UART_SetConfig
                0x0800500c      0x11c ./Drivers/STM32F1xx_HAL_Driver/Src/stm32f1xx_hal_uart.o
 .text.snprintf
                0x08005128       0x68 D:/AAAdownload/CubeIDE/STM32CubeIDE_1.17.0/STM32CubeIDE/plugins/com.st.stm32cube.ide.mcu.externaltools.gnu-tools-for-stm32.12.3.rel1.win32_1.1.0.202410251130/tools/bin/../lib/gcc/arm-none-eabi/12.3.1/../../../../arm-none-eabi/lib/thumb/v7-m/nofp\libc_nano.a(libc_a-snprintf.o)
                0x08005128                sniprintf
                0x08005128                snprintf
 .text.memset   0x08005190       0x10 D:/AAAdownload/CubeIDE/STM32CubeIDE_1.17.0/STM32CubeIDE/plugins/com.st.stm32cube.ide.mcu.externaltools.gnu-tools-for-stm32.12.3.rel1.win32_1.1.0.202410251130/tools/bin/../lib/gcc/arm-none-eabi/12.3.1/../../../../arm-none-eabi/lib/thumb/v7-m/nofp\libc_nano.a(libc_a-memset.o)
                0x08005190                memset
 .text.__errno  0x080051a0        0xc D:/AAAdownload/CubeIDE/STM32CubeIDE_1.17.0/STM32CubeIDE/plugins/com.st.stm32cube.ide.mcu.externaltools.gnu-tools-for-stm32.12.3.rel1.win32_1.1.0.202410251130/tools/bin/../lib/gcc/arm-none-eabi/12.3.1/../../../../arm-none-eabi/lib/thumb/v7-m/nofp\libc_nano.a(libc_a-errno.o)
                0x080051a0                __errno
 .text.__libc_init_array
                0x080051ac       0x48 D:/AAAdownload/CubeIDE/STM32CubeIDE_1.17.0/STM32CubeIDE/plugins/com.st.stm32cube.ide.mcu.externaltools.gnu-tools-for-stm32.12.3.rel1.win32_1.1.0.202410251130/tools/bin/../lib/gcc/arm-none-eabi/12.3.1/../../../../arm-none-eabi/lib/thumb/v7-m/nofp\libc_nano.a(libc_a-init.o)
                0x080051ac                __libc_init_array
 .text.__retarget_lock_acquire_recursive
                0x080051f4        0x2 D:/AAAdownload/CubeIDE/STM32CubeIDE_1.17.0/STM32CubeIDE/plugins/com.st.stm32cube.ide.mcu.externaltools.gnu-tools-for-stm32.12.3.rel1.win32_1.1.0.202410251130/tools/bin/../lib/gcc/arm-none-eabi/12.3.1/../../../../arm-none-eabi/lib/thumb/v7-m/nofp\libc_nano.a(libc_a-lock.o)
                0x080051f4                __retarget_lock_acquire_recursive
 .text.__retarget_lock_release_recursive
                0x080051f6        0x2 D:/AAAdownload/CubeIDE/STM32CubeIDE_1.17.0/STM32CubeIDE/plugins/com.st.stm32cube.ide.mcu.externaltools.gnu-tools-for-stm32.12.3.rel1.win32_1.1.0.202410251130/tools/bin/../lib/gcc/arm-none-eabi/12.3.1/../../../../arm-none-eabi/lib/thumb/v7-m/nofp\libc_nano.a(libc_a-lock.o)
                0x080051f6                __retarget_lock_release_recursive
 .text._free_r  0x080051f8       0x90 D:/AAAdownload/CubeIDE/STM32CubeIDE_1.17.0/STM32CubeIDE/plugins/com.st.stm32cube.ide.mcu.externaltools.gnu-tools-for-stm32.12.3.rel1.win32_1.1.0.202410251130/tools/bin/../lib/gcc/arm-none-eabi/12.3.1/../../../../arm-none-eabi/lib/thumb/v7-m/nofp\libc_nano.a(libc_a-freer.o)
                0x080051f8                _free_r
 .text.sbrk_aligned
                0x08005288       0x44 D:/AAAdownload/CubeIDE/STM32CubeIDE_1.17.0/STM32CubeIDE/plugins/com.st.stm32cube.ide.mcu.externaltools.gnu-tools-for-stm32.12.3.rel1.win32_1.1.0.202410251130/tools/bin/../lib/gcc/arm-none-eabi/12.3.1/../../../../arm-none-eabi/lib/thumb/v7-m/nofp\libc_nano.a(libc_a-mallocr.o)
 .text._malloc_r
                0x080052cc      0x100 D:/AAAdownload/CubeIDE/STM32CubeIDE_1.17.0/STM32CubeIDE/plugins/com.st.stm32cube.ide.mcu.externaltools.gnu-tools-for-stm32.12.3.rel1.win32_1.1.0.202410251130/tools/bin/../lib/gcc/arm-none-eabi/12.3.1/../../../../arm-none-eabi/lib/thumb/v7-m/nofp\libc_nano.a(libc_a-mallocr.o)
                0x080052cc                _malloc_r
 .text.__malloc_lock
                0x080053cc        0xc D:/AAAdownload/CubeIDE/STM32CubeIDE_1.17.0/STM32CubeIDE/plugins/com.st.stm32cube.ide.mcu.externaltools.gnu-tools-for-stm32.12.3.rel1.win32_1.1.0.202410251130/tools/bin/../lib/gcc/arm-none-eabi/12.3.1/../../../../arm-none-eabi/lib/thumb/v7-m/nofp\libc_nano.a(libc_a-mlock.o)
                0x080053cc                __malloc_lock
 .text.__malloc_unlock
                0x080053d8        0xc D:/AAAdownload/CubeIDE/STM32CubeIDE_1.17.0/STM32CubeIDE/plugins/com.st.stm32cube.ide.mcu.externaltools.gnu-tools-for-stm32.12.3.rel1.win32_1.1.0.202410251130/tools/bin/../lib/gcc/arm-none-eabi/12.3.1/../../../../arm-none-eabi/lib/thumb/v7-m/nofp\libc_nano.a(libc_a-mlock.o)
                0x080053d8                __malloc_unlock
 .text.__ssputs_r
                0x080053e4       0xb6 D:/AAAdownload/CubeIDE/STM32CubeIDE_1.17.0/STM32CubeIDE/plugins/com.st.stm32cube.ide.mcu.externaltools.gnu-tools-for-stm32.12.3.rel1.win32_1.1.0.202410251130/tools/bin/../lib/gcc/arm-none-eabi/12.3.1/../../../../arm-none-eabi/lib/thumb/v7-m/nofp\libc_nano.a(libc_a-nano-svfprintf.o)
                0x080053e4                __ssputs_r
 *fill*         0x0800549a        0x2 
 .text._svfprintf_r
                0x0800549c      0x1f8 D:/AAAdownload/CubeIDE/STM32CubeIDE_1.17.0/STM32CubeIDE/plugins/com.st.stm32cube.ide.mcu.externaltools.gnu-tools-for-stm32.12.3.rel1.win32_1.1.0.202410251130/tools/bin/../lib/gcc/arm-none-eabi/12.3.1/../../../../arm-none-eabi/lib/thumb/v7-m/nofp\libc_nano.a(libc_a-nano-svfprintf.o)
                0x0800549c                _svfiprintf_r
                0x0800549c                _svfprintf_r
 .text._printf_common
                0x08005694       0xe4 D:/AAAdownload/CubeIDE/STM32CubeIDE_1.17.0/STM32CubeIDE/plugins/com.st.stm32cube.ide.mcu.externaltools.gnu-tools-for-stm32.12.3.rel1.win32_1.1.0.202410251130/tools/bin/../lib/gcc/arm-none-eabi/12.3.1/../../../../arm-none-eabi/lib/thumb/v7-m/nofp\libc_nano.a(libc_a-nano-vfprintf_i.o)
                0x08005694                _printf_common
 .text._printf_i
                0x08005778      0x240 D:/AAAdownload/CubeIDE/STM32CubeIDE_1.17.0/STM32CubeIDE/plugins/com.st.stm32cube.ide.mcu.externaltools.gnu-tools-for-stm32.12.3.rel1.win32_1.1.0.202410251130/tools/bin/../lib/gcc/arm-none-eabi/12.3.1/../../../../arm-none-eabi/lib/thumb/v7-m/nofp\libc_nano.a(libc_a-nano-vfprintf_i.o)
                0x08005778                _printf_i
 .text.memmove  0x080059b8       0x34 D:/AAAdownload/CubeIDE/STM32CubeIDE_1.17.0/STM32CubeIDE/plugins/com.st.stm32cube.ide.mcu.externaltools.gnu-tools-for-stm32.12.3.rel1.win32_1.1.0.202410251130/tools/bin/../lib/gcc/arm-none-eabi/12.3.1/../../../../arm-none-eabi/lib/thumb/v7-m/nofp\libc_nano.a(libc_a-memmove.o)
                0x080059b8                memmove
 .text._sbrk_r  0x080059ec       0x20 D:/AAAdownload/CubeIDE/STM32CubeIDE_1.17.0/STM32CubeIDE/plugins/com.st.stm32cube.ide.mcu.externaltools.gnu-tools-for-stm32.12.3.rel1.win32_1.1.0.202410251130/tools/bin/../lib/gcc/arm-none-eabi/12.3.1/../../../../arm-none-eabi/lib/thumb/v7-m/nofp\libc_nano.a(libc_a-sbrkr.o)
                0x080059ec                _sbrk_r
 .text.memchr   0x08005a0c       0x1c D:/AAAdownload/CubeIDE/STM32CubeIDE_1.17.0/STM32CubeIDE/plugins/com.st.stm32cube.ide.mcu.externaltools.gnu-tools-for-stm32.12.3.rel1.win32_1.1.0.202410251130/tools/bin/../lib/gcc/arm-none-eabi/12.3.1/../../../../arm-none-eabi/lib/thumb/v7-m/nofp\libc_nano.a(libc_a-memchr-stub.o)
                0x08005a0c                memchr
 .text.memcpy   0x08005a28       0x1c D:/AAAdownload/CubeIDE/STM32CubeIDE_1.17.0/STM32CubeIDE/plugins/com.st.stm32cube.ide.mcu.externaltools.gnu-tools-for-stm32.12.3.rel1.win32_1.1.0.202410251130/tools/bin/../lib/gcc/arm-none-eabi/12.3.1/../../../../arm-none-eabi/lib/thumb/v7-m/nofp\libc_nano.a(libc_a-memcpy-stub.o)
                0x08005a28                memcpy
 .text._realloc_r
                0x08005a44       0x5c D:/AAAdownload/CubeIDE/STM32CubeIDE_1.17.0/STM32CubeIDE/plugins/com.st.stm32cube.ide.mcu.externaltools.gnu-tools-for-stm32.12.3.rel1.win32_1.1.0.202410251130/tools/bin/../lib/gcc/arm-none-eabi/12.3.1/../../../../arm-none-eabi/lib/thumb/v7-m/nofp\libc_nano.a(libc_a-reallocr.o)
                0x08005a44                _realloc_r
 .text._malloc_usable_size_r
                0x08005aa0       0x10 D:/AAAdownload/CubeIDE/STM32CubeIDE_1.17.0/STM32CubeIDE/plugins/com.st.stm32cube.ide.mcu.externaltools.gnu-tools-for-stm32.12.3.rel1.win32_1.1.0.202410251130/tools/bin/../lib/gcc/arm-none-eabi/12.3.1/../../../../arm-none-eabi/lib/thumb/v7-m/nofp\libc_nano.a(libc_a-msizer.o)
                0x08005aa0                _malloc_usable_size_r
 *(.glue_7)
 .glue_7        0x08005ab0        0x0 linker stubs
 *(.glue_7t)
 .glue_7t       0x08005ab0        0x0 linker stubs
 *(.eh_frame)
 .eh_frame      0x08005ab0        0x0 D:/AAAdownload/CubeIDE/STM32CubeIDE_1.17.0/STM32CubeIDE/plugins/com.st.stm32cube.ide.mcu.externaltools.gnu-tools-for-stm32.12.3.rel1.win32_1.1.0.202410251130/tools/bin/../lib/gcc/arm-none-eabi/12.3.1/thumb/v7-m/nofp/crtbegin.o
 *(.init)
 .init          0x08005ab0        0x4 D:/AAAdownload/CubeIDE/STM32CubeIDE_1.17.0/STM32CubeIDE/plugins/com.st.stm32cube.ide.mcu.externaltools.gnu-tools-for-stm32.12.3.rel1.win32_1.1.0.202410251130/tools/bin/../lib/gcc/arm-none-eabi/12.3.1/thumb/v7-m/nofp/crti.o
                0x08005ab0                _init
 .init          0x08005ab4        0x8 D:/AAAdownload/CubeIDE/STM32CubeIDE_1.17.0/STM32CubeIDE/plugins/com.st.stm32cube.ide.mcu.externaltools.gnu-tools-for-stm32.12.3.rel1.win32_1.1.0.202410251130/tools/bin/../lib/gcc/arm-none-eabi/12.3.1/thumb/v7-m/nofp/crtn.o
 *(.fini)
 .fini          0x08005abc        0x4 D:/AAAdownload/CubeIDE/STM32CubeIDE_1.17.0/STM32CubeIDE/plugins/com.st.stm32cube.ide.mcu.externaltools.gnu-tools-for-stm32.12.3.rel1.win32_1.1.0.202410251130/tools/bin/../lib/gcc/arm-none-eabi/12.3.1/thumb/v7-m/nofp/crti.o
                0x08005abc                _fini
 .fini          0x08005ac0        0x8 D:/AAAdownload/CubeIDE/STM32CubeIDE_1.17.0/STM32CubeIDE/plugins/com.st.stm32cube.ide.mcu.externaltools.gnu-tools-for-stm32.12.3.rel1.win32_1.1.0.202410251130/tools/bin/../lib/gcc/arm-none-eabi/12.3.1/thumb/v7-m/nofp/crtn.o
                0x08005ac8                        . = ALIGN (0x4)
                0x08005ac8                        _etext = .

.vfp11_veneer   0x08005ac8        0x0
 .vfp11_veneer  0x08005ac8        0x0 linker stubs

.v4_bx          0x08005ac8        0x0
 .v4_bx         0x08005ac8        0x0 linker stubs

.iplt           0x08005ac8        0x0
 .iplt          0x08005ac8        0x0 D:/AAAdownload/CubeIDE/STM32CubeIDE_1.17.0/STM32CubeIDE/plugins/com.st.stm32cube.ide.mcu.externaltools.gnu-tools-for-stm32.12.3.rel1.win32_1.1.0.202410251130/tools/bin/../lib/gcc/arm-none-eabi/12.3.1/thumb/v7-m/nofp/crtbegin.o

.rodata         0x08005ac8      0x8a4
                0x08005ac8                        . = ALIGN (0x4)
 *(.rodata)
 .rodata        0x08005ac8       0x3a ./Core/Src/main.o
 *(.rodata*)
 *fill*         0x08005b02        0x2 
 .rodata.F6x8   0x08005b04      0x228 ./Core/Src/oledfont.o
                0x08005b04                F6x8
 .rodata.F8X16  0x08005d2c      0x5e0 ./Core/Src/oledfont.o
                0x08005d2c                F8X16
 .rodata.AHBPrescTable
                0x0800630c       0x10 ./Core/Src/system_stm32f1xx.o
                0x0800630c                AHBPrescTable
 .rodata.APBPrescTable
                0x0800631c        0x8 ./Core/Src/system_stm32f1xx.o
                0x0800631c                APBPrescTable
 .rodata.aPLLMULFactorTable.1
                0x08006324       0x10 ./Drivers/STM32F1xx_HAL_Driver/Src/stm32f1xx_hal_rcc.o
 .rodata.aPredivFactorTable.0
                0x08006334        0x2 ./Drivers/STM32F1xx_HAL_Driver/Src/stm32f1xx_hal_rcc.o
 .rodata._svfprintf_r.str1.1
                0x08006336       0x11 D:/AAAdownload/CubeIDE/STM32CubeIDE_1.17.0/STM32CubeIDE/plugins/com.st.stm32cube.ide.mcu.externaltools.gnu-tools-for-stm32.12.3.rel1.win32_1.1.0.202410251130/tools/bin/../lib/gcc/arm-none-eabi/12.3.1/../../../../arm-none-eabi/lib/thumb/v7-m/nofp\libc_nano.a(libc_a-nano-svfprintf.o)
 .rodata._printf_i.str1.1
                0x08006347       0x22 D:/AAAdownload/CubeIDE/STM32CubeIDE_1.17.0/STM32CubeIDE/plugins/com.st.stm32cube.ide.mcu.externaltools.gnu-tools-for-stm32.12.3.rel1.win32_1.1.0.202410251130/tools/bin/../lib/gcc/arm-none-eabi/12.3.1/../../../../arm-none-eabi/lib/thumb/v7-m/nofp\libc_nano.a(libc_a-nano-vfprintf_i.o)
                0x0800636c                        . = ALIGN (0x4)
 *fill*         0x08006369        0x3 

.ARM.extab      0x0800636c        0x0
                0x0800636c                        . = ALIGN (0x4)
 *(.ARM.extab* .gnu.linkonce.armextab.*)
                0x0800636c                        . = ALIGN (0x4)

.ARM            0x0800636c        0x0
                0x0800636c                        . = ALIGN (0x4)
                0x0800636c                        __exidx_start = .
 *(.ARM.exidx*)
                0x0800636c                        __exidx_end = .
                0x0800636c                        . = ALIGN (0x4)

.preinit_array  0x0800636c        0x0
                0x0800636c                        . = ALIGN (0x4)
                0x0800636c                        PROVIDE (__preinit_array_start = .)
 *(.preinit_array*)
                0x0800636c                        PROVIDE (__preinit_array_end = .)
                0x0800636c                        . = ALIGN (0x4)

.init_array     0x0800636c        0x4
                0x0800636c                        . = ALIGN (0x4)
                0x0800636c                        PROVIDE (__init_array_start = .)
 *(SORT_BY_NAME(.init_array.*))
 *(.init_array*)
 .init_array    0x0800636c        0x4 D:/AAAdownload/CubeIDE/STM32CubeIDE_1.17.0/STM32CubeIDE/plugins/com.st.stm32cube.ide.mcu.externaltools.gnu-tools-for-stm32.12.3.rel1.win32_1.1.0.202410251130/tools/bin/../lib/gcc/arm-none-eabi/12.3.1/thumb/v7-m/nofp/crtbegin.o
                0x08006370                        PROVIDE (__init_array_end = .)
                0x08006370                        . = ALIGN (0x4)

.fini_array     0x08006370        0x4
                0x08006370                        . = ALIGN (0x4)
                [!provide]                        PROVIDE (__fini_array_start = .)
 *(SORT_BY_NAME(.fini_array.*))
 *(.fini_array*)
 .fini_array    0x08006370        0x4 D:/AAAdownload/CubeIDE/STM32CubeIDE_1.17.0/STM32CubeIDE/plugins/com.st.stm32cube.ide.mcu.externaltools.gnu-tools-for-stm32.12.3.rel1.win32_1.1.0.202410251130/tools/bin/../lib/gcc/arm-none-eabi/12.3.1/thumb/v7-m/nofp/crtbegin.o
                [!provide]                        PROVIDE (__fini_array_end = .)
                0x08006374                        . = ALIGN (0x4)
                0x08006374                        _sidata = LOADADDR (.data)

.rel.dyn        0x08006374        0x0
 .rel.iplt      0x08006374        0x0 D:/AAAdownload/CubeIDE/STM32CubeIDE_1.17.0/STM32CubeIDE/plugins/com.st.stm32cube.ide.mcu.externaltools.gnu-tools-for-stm32.12.3.rel1.win32_1.1.0.202410251130/tools/bin/../lib/gcc/arm-none-eabi/12.3.1/thumb/v7-m/nofp/crtbegin.o

.data           0x20000000      0x124 load address 0x08006374
                0x20000000                        . = ALIGN (0x4)
                0x20000000                        _sdata = .
 *(.data)
 *(.data*)
 .data.PPM_Chn_Max
                0x20000000        0x2 ./Core/Src/ ppm.o
                0x20000000                PPM_Chn_Max
 *fill*         0x20000002        0x2 
 .data.CMD_Data
                0x20000004       0x17 ./Core/Src/oled.o
                0x20000004                CMD_Data
 *fill*         0x2000001b        0x1 
 .data.BMP1     0x2000001c       0xac ./Core/Src/oledfont.o
                0x2000001c                BMP1
 .data.SystemCoreClock
                0x200000c8        0x4 ./Core/Src/system_stm32f1xx.o
                0x200000c8                SystemCoreClock
 .data.uwTickPrio
                0x200000cc        0x4 ./Drivers/STM32F1xx_HAL_Driver/Src/stm32f1xx_hal.o
                0x200000cc                uwTickPrio
 .data.uwTickFreq
                0x200000d0        0x1 ./Drivers/STM32F1xx_HAL_Driver/Src/stm32f1xx_hal.o
                0x200000d0                uwTickFreq
 *fill*         0x200000d1        0x3 
 .data._impure_ptr
                0x200000d4        0x4 D:/AAAdownload/CubeIDE/STM32CubeIDE_1.17.0/STM32CubeIDE/plugins/com.st.stm32cube.ide.mcu.externaltools.gnu-tools-for-stm32.12.3.rel1.win32_1.1.0.202410251130/tools/bin/../lib/gcc/arm-none-eabi/12.3.1/../../../../arm-none-eabi/lib/thumb/v7-m/nofp\libc_nano.a(libc_a-impure.o)
                0x200000d4                _impure_ptr
 .data._impure_data
                0x200000d8       0x4c D:/AAAdownload/CubeIDE/STM32CubeIDE_1.17.0/STM32CubeIDE/plugins/com.st.stm32cube.ide.mcu.externaltools.gnu-tools-for-stm32.12.3.rel1.win32_1.1.0.202410251130/tools/bin/../lib/gcc/arm-none-eabi/12.3.1/../../../../arm-none-eabi/lib/thumb/v7-m/nofp\libc_nano.a(libc_a-impure.o)
                0x200000d8                _impure_data
 *(.RamFunc)
 *(.RamFunc*)
                0x20000124                        . = ALIGN (0x4)
                0x20000124                        _edata = .

.igot.plt       0x20000124        0x0 load address 0x08006498
 .igot.plt      0x20000124        0x0 D:/AAAdownload/CubeIDE/STM32CubeIDE_1.17.0/STM32CubeIDE/plugins/com.st.stm32cube.ide.mcu.externaltools.gnu-tools-for-stm32.12.3.rel1.win32_1.1.0.202410251130/tools/bin/../lib/gcc/arm-none-eabi/12.3.1/thumb/v7-m/nofp/crtbegin.o
                0x20000124                        . = ALIGN (0x4)

.bss            0x20000124      0x4b4 load address 0x08006498
                0x20000124                        _sbss = .
                0x20000124                        __bss_start__ = _sbss
 *(.bss)
 .bss           0x20000124       0x1c D:/AAAdownload/CubeIDE/STM32CubeIDE_1.17.0/STM32CubeIDE/plugins/com.st.stm32cube.ide.mcu.externaltools.gnu-tools-for-stm32.12.3.rel1.win32_1.1.0.202410251130/tools/bin/../lib/gcc/arm-none-eabi/12.3.1/thumb/v7-m/nofp/crtbegin.o
 *(.bss*)
 .bss.PPM_Sample_Cnt
                0x20000140        0x2 ./Core/Src/ ppm.o
                0x20000140                PPM_Sample_Cnt
 *fill*         0x20000142        0x2 
 .bss.PPM_Time  0x20000144        0x4 ./Core/Src/ ppm.o
                0x20000144                PPM_Time
 .bss.PPM_OK    0x20000148        0x2 ./Core/Src/ ppm.o
                0x20000148                PPM_OK
 *fill*         0x2000014a        0x2 
 .bss.hi2c1     0x2000014c       0x54 ./Core/Src/i2c.o
                0x2000014c                hi2c1
 .bss.hi2c2     0x200001a0       0x54 ./Core/Src/i2c.o
                0x200001a0                hi2c2
 .bss.PPM_Databuf
                0x200001f4       0x10 ./Core/Src/main.o
                0x200001f4                PPM_Databuf
 .bss.tx_buffer
                0x20000204       0x40 ./Core/Src/main.o
                0x20000204                tx_buffer
 .bss.ppm_data_ready
                0x20000244        0x1 ./Core/Src/main.o
                0x20000244                ppm_data_ready
 .bss.uart_tx_busy
                0x20000245        0x1 ./Core/Src/main.o
                0x20000245                uart_tx_busy
 .bss.mag_x     0x20000246        0x2 ./Core/Src/main.o
                0x20000246                mag_x
 .bss.mag_y     0x20000248        0x2 ./Core/Src/main.o
                0x20000248                mag_y
 .bss.mag_z     0x2000024a        0x2 ./Core/Src/main.o
                0x2000024a                mag_z
 .bss.acc_x     0x2000024c        0x2 ./Core/Src/main.o
                0x2000024c                acc_x
 .bss.acc_y     0x2000024e        0x2 ./Core/Src/main.o
                0x2000024e                acc_y
 .bss.acc_z     0x20000250        0x2 ./Core/Src/main.o
                0x20000250                acc_z
 .bss.gyro_x    0x20000252        0x2 ./Core/Src/main.o
                0x20000252                gyro_x
 .bss.gyro_y    0x20000254        0x2 ./Core/Src/main.o
                0x20000254                gyro_y
 .bss.gyro_z    0x20000256        0x2 ./Core/Src/main.o
                0x20000256                gyro_z
 .bss.__sbrk_heap_end
                0x20000258        0x4 ./Core/Src/sysmem.o
 .bss.htim1     0x2000025c       0x48 ./Core/Src/tim.o
                0x2000025c                htim1
 .bss.htim2     0x200002a4       0x48 ./Core/Src/tim.o
                0x200002a4                htim2
 .bss.huart1    0x200002ec       0x48 ./Core/Src/usart.o
                0x200002ec                huart1
 .bss.huart2    0x20000334       0x48 ./Core/Src/usart.o
                0x20000334                huart2
 .bss.hdma_usart1_rx
                0x2000037c       0x44 ./Core/Src/usart.o
                0x2000037c                hdma_usart1_rx
 .bss.hdma_usart1_tx
                0x200003c0       0x44 ./Core/Src/usart.o
                0x200003c0                hdma_usart1_tx
 .bss.hdma_usart2_rx
                0x20000404       0x44 ./Core/Src/usart.o
                0x20000404                hdma_usart2_rx
 .bss.hdma_usart2_tx
                0x20000448       0x44 ./Core/Src/usart.o
                0x20000448                hdma_usart2_tx
 .bss.uwTick    0x2000048c        0x4 ./Drivers/STM32F1xx_HAL_Driver/Src/stm32f1xx_hal.o
                0x2000048c                uwTick
 .bss.__sf      0x20000490      0x138 D:/AAAdownload/CubeIDE/STM32CubeIDE_1.17.0/STM32CubeIDE/plugins/com.st.stm32cube.ide.mcu.externaltools.gnu-tools-for-stm32.12.3.rel1.win32_1.1.0.202410251130/tools/bin/../lib/gcc/arm-none-eabi/12.3.1/../../../../arm-none-eabi/lib/thumb/v7-m/nofp\libc_nano.a(libc_a-findfp.o)
                0x20000490                __sf
 .bss.errno     0x200005c8        0x4 D:/AAAdownload/CubeIDE/STM32CubeIDE_1.17.0/STM32CubeIDE/plugins/com.st.stm32cube.ide.mcu.externaltools.gnu-tools-for-stm32.12.3.rel1.win32_1.1.0.202410251130/tools/bin/../lib/gcc/arm-none-eabi/12.3.1/../../../../arm-none-eabi/lib/thumb/v7-m/nofp\libc_nano.a(libc_a-reent.o)
                0x200005c8                errno
 .bss.__lock___malloc_recursive_mutex
                0x200005cc        0x1 D:/AAAdownload/CubeIDE/STM32CubeIDE_1.17.0/STM32CubeIDE/plugins/com.st.stm32cube.ide.mcu.externaltools.gnu-tools-for-stm32.12.3.rel1.win32_1.1.0.202410251130/tools/bin/../lib/gcc/arm-none-eabi/12.3.1/../../../../arm-none-eabi/lib/thumb/v7-m/nofp\libc_nano.a(libc_a-lock.o)
                0x200005cc                __lock___malloc_recursive_mutex
 *fill*         0x200005cd        0x3 
 .bss.__malloc_sbrk_start
                0x200005d0        0x4 D:/AAAdownload/CubeIDE/STM32CubeIDE_1.17.0/STM32CubeIDE/plugins/com.st.stm32cube.ide.mcu.externaltools.gnu-tools-for-stm32.12.3.rel1.win32_1.1.0.202410251130/tools/bin/../lib/gcc/arm-none-eabi/12.3.1/../../../../arm-none-eabi/lib/thumb/v7-m/nofp\libc_nano.a(libc_a-mallocr.o)
                0x200005d0                __malloc_sbrk_start
 .bss.__malloc_free_list
                0x200005d4        0x4 D:/AAAdownload/CubeIDE/STM32CubeIDE_1.17.0/STM32CubeIDE/plugins/com.st.stm32cube.ide.mcu.externaltools.gnu-tools-for-stm32.12.3.rel1.win32_1.1.0.202410251130/tools/bin/../lib/gcc/arm-none-eabi/12.3.1/../../../../arm-none-eabi/lib/thumb/v7-m/nofp\libc_nano.a(libc_a-mallocr.o)
                0x200005d4                __malloc_free_list
 *(COMMON)
                0x200005d8                        . = ALIGN (0x4)
                0x200005d8                        _ebss = .
                0x200005d8                        __bss_end__ = _ebss

._user_heap_stack
                0x200005d8      0x600 load address 0x08006498
                0x200005d8                        . = ALIGN (0x8)
                [!provide]                        PROVIDE (end = .)
                0x200005d8                        PROVIDE (_end = .)
                0x200007d8                        . = (. + _Min_Heap_Size)
 *fill*         0x200005d8      0x200 
                0x20000bd8                        . = (. + _Min_Stack_Size)
 *fill*         0x200007d8      0x400 
                0x20000bd8                        . = ALIGN (0x8)

/DISCARD/
 libc.a(*)
 libm.a(*)
 libgcc.a(*)

.ARM.attributes
                0x00000000       0x29
 *(.ARM.attributes)
 .ARM.attributes
                0x00000000       0x1d D:/AAAdownload/CubeIDE/STM32CubeIDE_1.17.0/STM32CubeIDE/plugins/com.st.stm32cube.ide.mcu.externaltools.gnu-tools-for-stm32.12.3.rel1.win32_1.1.0.202410251130/tools/bin/../lib/gcc/arm-none-eabi/12.3.1/thumb/v7-m/nofp/crti.o
 .ARM.attributes
                0x0000001d       0x2d D:/AAAdownload/CubeIDE/STM32CubeIDE_1.17.0/STM32CubeIDE/plugins/com.st.stm32cube.ide.mcu.externaltools.gnu-tools-for-stm32.12.3.rel1.win32_1.1.0.202410251130/tools/bin/../lib/gcc/arm-none-eabi/12.3.1/thumb/v7-m/nofp/crtbegin.o
 .ARM.attributes
                0x0000004a       0x2d ./Core/Src/ ppm.o
 .ARM.attributes
                0x00000077       0x2d ./Core/Src/dma.o
 .ARM.attributes
                0x000000a4       0x2d ./Core/Src/gpio.o
 .ARM.attributes
                0x000000d1       0x2d ./Core/Src/gy86.o
 .ARM.attributes
                0x000000fe       0x2d ./Core/Src/i2c.o
 .ARM.attributes
                0x0000012b       0x2d ./Core/Src/main.o
 .ARM.attributes
                0x00000158       0x2d ./Core/Src/oled.o
 .ARM.attributes
                0x00000185       0x2d ./Core/Src/oledfont.o
 .ARM.attributes
                0x000001b2       0x2d ./Core/Src/stm32f1xx_hal_msp.o
 .ARM.attributes
                0x000001df       0x2d ./Core/Src/stm32f1xx_it.o
 .ARM.attributes
                0x0000020c       0x2d ./Core/Src/sysmem.o
 .ARM.attributes
                0x00000239       0x2d ./Core/Src/system_stm32f1xx.o
 .ARM.attributes
                0x00000266       0x2d ./Core/Src/tim.o
 .ARM.attributes
                0x00000293       0x2d ./Core/Src/usart.o
 .ARM.attributes
                0x000002c0       0x21 ./Core/Startup/startup_stm32f103c8tx.o
 .ARM.attributes
                0x000002e1       0x2d ./Drivers/STM32F1xx_HAL_Driver/Src/stm32f1xx_hal.o
 .ARM.attributes
                0x0000030e       0x2d ./Drivers/STM32F1xx_HAL_Driver/Src/stm32f1xx_hal_cortex.o
 .ARM.attributes
                0x0000033b       0x2d ./Drivers/STM32F1xx_HAL_Driver/Src/stm32f1xx_hal_dma.o
 .ARM.attributes
                0x00000368       0x2d ./Drivers/STM32F1xx_HAL_Driver/Src/stm32f1xx_hal_gpio.o
 .ARM.attributes
                0x00000395       0x2d ./Drivers/STM32F1xx_HAL_Driver/Src/stm32f1xx_hal_i2c.o
 .ARM.attributes
                0x000003c2       0x2d ./Drivers/STM32F1xx_HAL_Driver/Src/stm32f1xx_hal_rcc.o
 .ARM.attributes
                0x000003ef       0x2d ./Drivers/STM32F1xx_HAL_Driver/Src/stm32f1xx_hal_tim.o
 .ARM.attributes
                0x0000041c       0x2d ./Drivers/STM32F1xx_HAL_Driver/Src/stm32f1xx_hal_tim_ex.o
 .ARM.attributes
                0x00000449       0x2d ./Drivers/STM32F1xx_HAL_Driver/Src/stm32f1xx_hal_uart.o
 .ARM.attributes
                0x00000476       0x2d D:/AAAdownload/CubeIDE/STM32CubeIDE_1.17.0/STM32CubeIDE/plugins/com.st.stm32cube.ide.mcu.externaltools.gnu-tools-for-stm32.12.3.rel1.win32_1.1.0.202410251130/tools/bin/../lib/gcc/arm-none-eabi/12.3.1/../../../../arm-none-eabi/lib/thumb/v7-m/nofp\libc_nano.a(libc_a-findfp.o)
 .ARM.attributes
                0x000004a3       0x2d D:/AAAdownload/CubeIDE/STM32CubeIDE_1.17.0/STM32CubeIDE/plugins/com.st.stm32cube.ide.mcu.externaltools.gnu-tools-for-stm32.12.3.rel1.win32_1.1.0.202410251130/tools/bin/../lib/gcc/arm-none-eabi/12.3.1/../../../../arm-none-eabi/lib/thumb/v7-m/nofp\libc_nano.a(libc_a-snprintf.o)
 .ARM.attributes
                0x000004d0       0x2d D:/AAAdownload/CubeIDE/STM32CubeIDE_1.17.0/STM32CubeIDE/plugins/com.st.stm32cube.ide.mcu.externaltools.gnu-tools-for-stm32.12.3.rel1.win32_1.1.0.202410251130/tools/bin/../lib/gcc/arm-none-eabi/12.3.1/../../../../arm-none-eabi/lib/thumb/v7-m/nofp\libc_nano.a(libc_a-memset.o)
 .ARM.attributes
                0x000004fd       0x2d D:/AAAdownload/CubeIDE/STM32CubeIDE_1.17.0/STM32CubeIDE/plugins/com.st.stm32cube.ide.mcu.externaltools.gnu-tools-for-stm32.12.3.rel1.win32_1.1.0.202410251130/tools/bin/../lib/gcc/arm-none-eabi/12.3.1/../../../../arm-none-eabi/lib/thumb/v7-m/nofp\libc_nano.a(libc_a-reent.o)
 .ARM.attributes
                0x0000052a       0x2d D:/AAAdownload/CubeIDE/STM32CubeIDE_1.17.0/STM32CubeIDE/plugins/com.st.stm32cube.ide.mcu.externaltools.gnu-tools-for-stm32.12.3.rel1.win32_1.1.0.202410251130/tools/bin/../lib/gcc/arm-none-eabi/12.3.1/../../../../arm-none-eabi/lib/thumb/v7-m/nofp\libc_nano.a(libc_a-impure.o)
 .ARM.attributes
                0x00000557       0x2d D:/AAAdownload/CubeIDE/STM32CubeIDE_1.17.0/STM32CubeIDE/plugins/com.st.stm32cube.ide.mcu.externaltools.gnu-tools-for-stm32.12.3.rel1.win32_1.1.0.202410251130/tools/bin/../lib/gcc/arm-none-eabi/12.3.1/../../../../arm-none-eabi/lib/thumb/v7-m/nofp\libc_nano.a(libc_a-errno.o)
 .ARM.attributes
                0x00000584       0x2d D:/AAAdownload/CubeIDE/STM32CubeIDE_1.17.0/STM32CubeIDE/plugins/com.st.stm32cube.ide.mcu.externaltools.gnu-tools-for-stm32.12.3.rel1.win32_1.1.0.202410251130/tools/bin/../lib/gcc/arm-none-eabi/12.3.1/../../../../arm-none-eabi/lib/thumb/v7-m/nofp\libc_nano.a(libc_a-init.o)
 .ARM.attributes
                0x000005b1       0x2d D:/AAAdownload/CubeIDE/STM32CubeIDE_1.17.0/STM32CubeIDE/plugins/com.st.stm32cube.ide.mcu.externaltools.gnu-tools-for-stm32.12.3.rel1.win32_1.1.0.202410251130/tools/bin/../lib/gcc/arm-none-eabi/12.3.1/../../../../arm-none-eabi/lib/thumb/v7-m/nofp\libc_nano.a(libc_a-lock.o)
 .ARM.attributes
                0x000005de       0x2d D:/AAAdownload/CubeIDE/STM32CubeIDE_1.17.0/STM32CubeIDE/plugins/com.st.stm32cube.ide.mcu.externaltools.gnu-tools-for-stm32.12.3.rel1.win32_1.1.0.202410251130/tools/bin/../lib/gcc/arm-none-eabi/12.3.1/../../../../arm-none-eabi/lib/thumb/v7-m/nofp\libc_nano.a(libc_a-freer.o)
 .ARM.attributes
                0x0000060b       0x2d D:/AAAdownload/CubeIDE/STM32CubeIDE_1.17.0/STM32CubeIDE/plugins/com.st.stm32cube.ide.mcu.externaltools.gnu-tools-for-stm32.12.3.rel1.win32_1.1.0.202410251130/tools/bin/../lib/gcc/arm-none-eabi/12.3.1/../../../../arm-none-eabi/lib/thumb/v7-m/nofp\libc_nano.a(libc_a-mallocr.o)
 .ARM.attributes
                0x00000638       0x2d D:/AAAdownload/CubeIDE/STM32CubeIDE_1.17.0/STM32CubeIDE/plugins/com.st.stm32cube.ide.mcu.externaltools.gnu-tools-for-stm32.12.3.rel1.win32_1.1.0.202410251130/tools/bin/../lib/gcc/arm-none-eabi/12.3.1/../../../../arm-none-eabi/lib/thumb/v7-m/nofp\libc_nano.a(libc_a-mlock.o)
 .ARM.attributes
                0x00000665       0x2d D:/AAAdownload/CubeIDE/STM32CubeIDE_1.17.0/STM32CubeIDE/plugins/com.st.stm32cube.ide.mcu.externaltools.gnu-tools-for-stm32.12.3.rel1.win32_1.1.0.202410251130/tools/bin/../lib/gcc/arm-none-eabi/12.3.1/../../../../arm-none-eabi/lib/thumb/v7-m/nofp\libc_nano.a(libc_a-nano-svfprintf.o)
 .ARM.attributes
                0x00000692       0x2d D:/AAAdownload/CubeIDE/STM32CubeIDE_1.17.0/STM32CubeIDE/plugins/com.st.stm32cube.ide.mcu.externaltools.gnu-tools-for-stm32.12.3.rel1.win32_1.1.0.202410251130/tools/bin/../lib/gcc/arm-none-eabi/12.3.1/../../../../arm-none-eabi/lib/thumb/v7-m/nofp\libc_nano.a(libc_a-nano-vfprintf_i.o)
 .ARM.attributes
                0x000006bf       0x2d D:/AAAdownload/CubeIDE/STM32CubeIDE_1.17.0/STM32CubeIDE/plugins/com.st.stm32cube.ide.mcu.externaltools.gnu-tools-for-stm32.12.3.rel1.win32_1.1.0.202410251130/tools/bin/../lib/gcc/arm-none-eabi/12.3.1/../../../../arm-none-eabi/lib/thumb/v7-m/nofp\libc_nano.a(libc_a-memmove.o)
 .ARM.attributes
                0x000006ec       0x2d D:/AAAdownload/CubeIDE/STM32CubeIDE_1.17.0/STM32CubeIDE/plugins/com.st.stm32cube.ide.mcu.externaltools.gnu-tools-for-stm32.12.3.rel1.win32_1.1.0.202410251130/tools/bin/../lib/gcc/arm-none-eabi/12.3.1/../../../../arm-none-eabi/lib/thumb/v7-m/nofp\libc_nano.a(libc_a-sbrkr.o)
 .ARM.attributes
                0x00000719       0x2d D:/AAAdownload/CubeIDE/STM32CubeIDE_1.17.0/STM32CubeIDE/plugins/com.st.stm32cube.ide.mcu.externaltools.gnu-tools-for-stm32.12.3.rel1.win32_1.1.0.202410251130/tools/bin/../lib/gcc/arm-none-eabi/12.3.1/../../../../arm-none-eabi/lib/thumb/v7-m/nofp\libc_nano.a(libc_a-memchr-stub.o)
 .ARM.attributes
                0x00000746       0x2d D:/AAAdownload/CubeIDE/STM32CubeIDE_1.17.0/STM32CubeIDE/plugins/com.st.stm32cube.ide.mcu.externaltools.gnu-tools-for-stm32.12.3.rel1.win32_1.1.0.202410251130/tools/bin/../lib/gcc/arm-none-eabi/12.3.1/../../../../arm-none-eabi/lib/thumb/v7-m/nofp\libc_nano.a(libc_a-memcpy-stub.o)
 .ARM.attributes
                0x00000773       0x2d D:/AAAdownload/CubeIDE/STM32CubeIDE_1.17.0/STM32CubeIDE/plugins/com.st.stm32cube.ide.mcu.externaltools.gnu-tools-for-stm32.12.3.rel1.win32_1.1.0.202410251130/tools/bin/../lib/gcc/arm-none-eabi/12.3.1/../../../../arm-none-eabi/lib/thumb/v7-m/nofp\libc_nano.a(libc_a-reallocr.o)
 .ARM.attributes
                0x000007a0       0x2d D:/AAAdownload/CubeIDE/STM32CubeIDE_1.17.0/STM32CubeIDE/plugins/com.st.stm32cube.ide.mcu.externaltools.gnu-tools-for-stm32.12.3.rel1.win32_1.1.0.202410251130/tools/bin/../lib/gcc/arm-none-eabi/12.3.1/../../../../arm-none-eabi/lib/thumb/v7-m/nofp\libc_nano.a(libc_a-msizer.o)
 .ARM.attributes
                0x000007cd       0x1d D:/AAAdownload/CubeIDE/STM32CubeIDE_1.17.0/STM32CubeIDE/plugins/com.st.stm32cube.ide.mcu.externaltools.gnu-tools-for-stm32.12.3.rel1.win32_1.1.0.202410251130/tools/bin/../lib/gcc/arm-none-eabi/12.3.1/thumb/v7-m/nofp/crtn.o
OUTPUT(dr.elf elf32-littlearm)
LOAD linker stubs
LOAD D:/AAAdownload/CubeIDE/STM32CubeIDE_1.17.0/STM32CubeIDE/plugins/com.st.stm32cube.ide.mcu.externaltools.gnu-tools-for-stm32.12.3.rel1.win32_1.1.0.202410251130/tools/bin/../lib/gcc/arm-none-eabi/12.3.1/../../../../arm-none-eabi/lib/thumb/v7-m/nofp\libc.a
LOAD D:/AAAdownload/CubeIDE/STM32CubeIDE_1.17.0/STM32CubeIDE/plugins/com.st.stm32cube.ide.mcu.externaltools.gnu-tools-for-stm32.12.3.rel1.win32_1.1.0.202410251130/tools/bin/../lib/gcc/arm-none-eabi/12.3.1/../../../../arm-none-eabi/lib/thumb/v7-m/nofp\libm.a
LOAD D:/AAAdownload/CubeIDE/STM32CubeIDE_1.17.0/STM32CubeIDE/plugins/com.st.stm32cube.ide.mcu.externaltools.gnu-tools-for-stm32.12.3.rel1.win32_1.1.0.202410251130/tools/bin/../lib/gcc/arm-none-eabi/12.3.1/thumb/v7-m/nofp\libgcc.a

.debug_info     0x00000000    0x11038
 .debug_info    0x00000000      0x313 ./Core/Src/ ppm.o
 .debug_info    0x00000313      0x2cf ./Core/Src/dma.o
 .debug_info    0x000005e2      0x44e ./Core/Src/gpio.o
 .debug_info    0x00000a30      0x7af ./Core/Src/gy86.o
 .debug_info    0x000011df      0x8d1 ./Core/Src/i2c.o
 .debug_info    0x00001ab0      0xe68 ./Core/Src/main.o
 .debug_info    0x00002918      0xbcf ./Core/Src/oled.o
 .debug_info    0x000034e7      0x14a ./Core/Src/oledfont.o
 .debug_info    0x00003631      0x1f1 ./Core/Src/stm32f1xx_hal_msp.o
 .debug_info    0x00003822      0x6ad ./Core/Src/stm32f1xx_it.o
 .debug_info    0x00003ecf      0x168 ./Core/Src/sysmem.o
 .debug_info    0x00004037      0x222 ./Core/Src/system_stm32f1xx.o
 .debug_info    0x00004259      0xb36 ./Core/Src/tim.o
 .debug_info    0x00004d8f      0xa97 ./Core/Src/usart.o
 .debug_info    0x00005826       0x30 ./Core/Startup/startup_stm32f103c8tx.o
 .debug_info    0x00005856      0x704 ./Drivers/STM32F1xx_HAL_Driver/Src/stm32f1xx_hal.o
 .debug_info    0x00005f5a      0xa87 ./Drivers/STM32F1xx_HAL_Driver/Src/stm32f1xx_hal_cortex.o
 .debug_info    0x000069e1      0x6d2 ./Drivers/STM32F1xx_HAL_Driver/Src/stm32f1xx_hal_dma.o
 .debug_info    0x000070b3      0x5ab ./Drivers/STM32F1xx_HAL_Driver/Src/stm32f1xx_hal_gpio.o
 .debug_info    0x0000765e     0x2524 ./Drivers/STM32F1xx_HAL_Driver/Src/stm32f1xx_hal_i2c.o
 .debug_info    0x00009b82      0x7d5 ./Drivers/STM32F1xx_HAL_Driver/Src/stm32f1xx_hal_rcc.o
 .debug_info    0x0000a357     0x2959 ./Drivers/STM32F1xx_HAL_Driver/Src/stm32f1xx_hal_tim.o
 .debug_info    0x0000ccb0     0x149b ./Drivers/STM32F1xx_HAL_Driver/Src/stm32f1xx_hal_tim_ex.o
 .debug_info    0x0000e14b     0x2eed ./Drivers/STM32F1xx_HAL_Driver/Src/stm32f1xx_hal_uart.o

.debug_abbrev   0x00000000     0x2c67
 .debug_abbrev  0x00000000      0x13c ./Core/Src/ ppm.o
 .debug_abbrev  0x0000013c       0xfc ./Core/Src/dma.o
 .debug_abbrev  0x00000238      0x161 ./Core/Src/gpio.o
 .debug_abbrev  0x00000399      0x1a7 ./Core/Src/gy86.o
 .debug_abbrev  0x00000540      0x1f5 ./Core/Src/i2c.o
 .debug_abbrev  0x00000735      0x2f3 ./Core/Src/main.o
 .debug_abbrev  0x00000a28      0x29a ./Core/Src/oled.o
 .debug_abbrev  0x00000cc2       0x7d ./Core/Src/oledfont.o
 .debug_abbrev  0x00000d3f       0xdb ./Core/Src/stm32f1xx_hal_msp.o
 .debug_abbrev  0x00000e1a      0x1a7 ./Core/Src/stm32f1xx_it.o
 .debug_abbrev  0x00000fc1       0xbc ./Core/Src/sysmem.o
 .debug_abbrev  0x0000107d      0x13f ./Core/Src/system_stm32f1xx.o
 .debug_abbrev  0x000011bc      0x243 ./Core/Src/tim.o
 .debug_abbrev  0x000013ff      0x22f ./Core/Src/usart.o
 .debug_abbrev  0x0000162e       0x24 ./Core/Startup/startup_stm32f103c8tx.o
 .debug_abbrev  0x00001652      0x201 ./Drivers/STM32F1xx_HAL_Driver/Src/stm32f1xx_hal.o
 .debug_abbrev  0x00001853      0x2f8 ./Drivers/STM32F1xx_HAL_Driver/Src/stm32f1xx_hal_cortex.o
 .debug_abbrev  0x00001b4b      0x20b ./Drivers/STM32F1xx_HAL_Driver/Src/stm32f1xx_hal_dma.o
 .debug_abbrev  0x00001d56      0x1ca ./Drivers/STM32F1xx_HAL_Driver/Src/stm32f1xx_hal_gpio.o
 .debug_abbrev  0x00001f20      0x2a3 ./Drivers/STM32F1xx_HAL_Driver/Src/stm32f1xx_hal_i2c.o
 .debug_abbrev  0x000021c3      0x2b3 ./Drivers/STM32F1xx_HAL_Driver/Src/stm32f1xx_hal_rcc.o
 .debug_abbrev  0x00002476      0x277 ./Drivers/STM32F1xx_HAL_Driver/Src/stm32f1xx_hal_tim.o
 .debug_abbrev  0x000026ed      0x282 ./Drivers/STM32F1xx_HAL_Driver/Src/stm32f1xx_hal_tim_ex.o
 .debug_abbrev  0x0000296f      0x2f8 ./Drivers/STM32F1xx_HAL_Driver/Src/stm32f1xx_hal_uart.o

.debug_aranges  0x00000000     0x10b0
 .debug_aranges
                0x00000000       0x20 ./Core/Src/ ppm.o
 .debug_aranges
                0x00000020       0x20 ./Core/Src/dma.o
 .debug_aranges
                0x00000040       0x20 ./Core/Src/gpio.o
 .debug_aranges
                0x00000060       0x40 ./Core/Src/gy86.o
 .debug_aranges
                0x000000a0       0x38 ./Core/Src/i2c.o
 .debug_aranges
                0x000000d8       0x38 ./Core/Src/main.o
 .debug_aranges
                0x00000110       0xb8 ./Core/Src/oled.o
 .debug_aranges
                0x000001c8       0x18 ./Core/Src/oledfont.o
 .debug_aranges
                0x000001e0       0x20 ./Core/Src/stm32f1xx_hal_msp.o
 .debug_aranges
                0x00000200       0x98 ./Core/Src/stm32f1xx_it.o
 .debug_aranges
                0x00000298       0x20 ./Core/Src/sysmem.o
 .debug_aranges
                0x000002b8       0x28 ./Core/Src/system_stm32f1xx.o
 .debug_aranges
                0x000002e0       0x40 ./Core/Src/tim.o
 .debug_aranges
                0x00000320       0x38 ./Core/Src/usart.o
 .debug_aranges
                0x00000358       0x28 ./Core/Startup/startup_stm32f103c8tx.o
 .debug_aranges
                0x00000380       0xe0 ./Drivers/STM32F1xx_HAL_Driver/Src/stm32f1xx_hal.o
 .debug_aranges
                0x00000460      0x100 ./Drivers/STM32F1xx_HAL_Driver/Src/stm32f1xx_hal_cortex.o
 .debug_aranges
                0x00000560       0x80 ./Drivers/STM32F1xx_HAL_Driver/Src/stm32f1xx_hal_dma.o
 .debug_aranges
                0x000005e0       0x58 ./Drivers/STM32F1xx_HAL_Driver/Src/stm32f1xx_hal_gpio.o
 .debug_aranges
                0x00000638      0x2a8 ./Drivers/STM32F1xx_HAL_Driver/Src/stm32f1xx_hal_i2c.o
 .debug_aranges
                0x000008e0       0x90 ./Drivers/STM32F1xx_HAL_Driver/Src/stm32f1xx_hal_rcc.o
 .debug_aranges
                0x00000970      0x3d0 ./Drivers/STM32F1xx_HAL_Driver/Src/stm32f1xx_hal_tim.o
 .debug_aranges
                0x00000d40      0x168 ./Drivers/STM32F1xx_HAL_Driver/Src/stm32f1xx_hal_tim_ex.o
 .debug_aranges
                0x00000ea8      0x208 ./Drivers/STM32F1xx_HAL_Driver/Src/stm32f1xx_hal_uart.o

.debug_rnglists
                0x00000000      0xcff
 .debug_rnglists
                0x00000000       0x14 ./Core/Src/ ppm.o
 .debug_rnglists
                0x00000014       0x13 ./Core/Src/dma.o
 .debug_rnglists
                0x00000027       0x14 ./Core/Src/gpio.o
 .debug_rnglists
                0x0000003b       0x2e ./Core/Src/gy86.o
 .debug_rnglists
                0x00000069       0x26 ./Core/Src/i2c.o
 .debug_rnglists
                0x0000008f       0x27 ./Core/Src/main.o
 .debug_rnglists
                0x000000b6       0x8b ./Core/Src/oled.o
 .debug_rnglists
                0x00000141       0x13 ./Core/Src/stm32f1xx_hal_msp.o
 .debug_rnglists
                0x00000154       0x6d ./Core/Src/stm32f1xx_it.o
 .debug_rnglists
                0x000001c1       0x13 ./Core/Src/sysmem.o
 .debug_rnglists
                0x000001d4       0x1a ./Core/Src/system_stm32f1xx.o
 .debug_rnglists
                0x000001ee       0x2d ./Core/Src/tim.o
 .debug_rnglists
                0x0000021b       0x27 ./Core/Src/usart.o
 .debug_rnglists
                0x00000242       0x19 ./Core/Startup/startup_stm32f103c8tx.o
 .debug_rnglists
                0x0000025b       0xa3 ./Drivers/STM32F1xx_HAL_Driver/Src/stm32f1xx_hal.o
 .debug_rnglists
                0x000002fe       0xbb ./Drivers/STM32F1xx_HAL_Driver/Src/stm32f1xx_hal_cortex.o
 .debug_rnglists
                0x000003b9       0x64 ./Drivers/STM32F1xx_HAL_Driver/Src/stm32f1xx_hal_dma.o
 .debug_rnglists
                0x0000041d       0x3f ./Drivers/STM32F1xx_HAL_Driver/Src/stm32f1xx_hal_gpio.o
 .debug_rnglists
                0x0000045c      0x23c ./Drivers/STM32F1xx_HAL_Driver/Src/stm32f1xx_hal_i2c.o
 .debug_rnglists
                0x00000698       0x6c ./Drivers/STM32F1xx_HAL_Driver/Src/stm32f1xx_hal_rcc.o
 .debug_rnglists
                0x00000704      0x31a ./Drivers/STM32F1xx_HAL_Driver/Src/stm32f1xx_hal_tim.o
 .debug_rnglists
                0x00000a1e      0x125 ./Drivers/STM32F1xx_HAL_Driver/Src/stm32f1xx_hal_tim_ex.o
 .debug_rnglists
                0x00000b43      0x1bc ./Drivers/STM32F1xx_HAL_Driver/Src/stm32f1xx_hal_uart.o

.debug_macro    0x00000000    0x185eb
 .debug_macro   0x00000000      0x1d9 ./Core/Src/ ppm.o
 .debug_macro   0x000001d9      0xaa8 ./Core/Src/ ppm.o
 .debug_macro   0x00000c81      0x227 ./Core/Src/ ppm.o
 .debug_macro   0x00000ea8       0x2e ./Core/Src/ ppm.o
 .debug_macro   0x00000ed6       0x22 ./Core/Src/ ppm.o
 .debug_macro   0x00000ef8       0x22 ./Core/Src/ ppm.o
 .debug_macro   0x00000f1a       0x8e ./Core/Src/ ppm.o
 .debug_macro   0x00000fa8       0x51 ./Core/Src/ ppm.o
 .debug_macro   0x00000ff9      0x103 ./Core/Src/ ppm.o
 .debug_macro   0x000010fc       0x6a ./Core/Src/ ppm.o
 .debug_macro   0x00001166      0x1df ./Core/Src/ ppm.o
 .debug_macro   0x00001345       0x1c ./Core/Src/ ppm.o
 .debug_macro   0x00001361       0x22 ./Core/Src/ ppm.o
 .debug_macro   0x00001383       0xbd ./Core/Src/ ppm.o
 .debug_macro   0x00001440      0xd23 ./Core/Src/ ppm.o
 .debug_macro   0x00002163     0xe09e ./Core/Src/ ppm.o
 .debug_macro   0x00010201       0x6d ./Core/Src/ ppm.o
 .debug_macro   0x0001026e     0x34a2 ./Core/Src/ ppm.o
 .debug_macro   0x00013710      0x189 ./Core/Src/ ppm.o
 .debug_macro   0x00013899       0x5c ./Core/Src/ ppm.o
 .debug_macro   0x000138f5      0x5bc ./Core/Src/ ppm.o
 .debug_macro   0x00013eb1      0x289 ./Core/Src/ ppm.o
 .debug_macro   0x0001413a      0x1cb ./Core/Src/ ppm.o
 .debug_macro   0x00014305      0x114 ./Core/Src/ ppm.o
 .debug_macro   0x00014419      0x1b2 ./Core/Src/ ppm.o
 .debug_macro   0x000145cb       0x27 ./Core/Src/ ppm.o
 .debug_macro   0x000145f2      0x136 ./Core/Src/ ppm.o
 .debug_macro   0x00014728      0x1bc ./Core/Src/ ppm.o
 .debug_macro   0x000148e4       0x34 ./Core/Src/ ppm.o
 .debug_macro   0x00014918       0x3c ./Core/Src/ ppm.o
 .debug_macro   0x00014954       0x57 ./Core/Src/ ppm.o
 .debug_macro   0x000149ab       0x87 ./Core/Src/ ppm.o
 .debug_macro   0x00014a32      0x240 ./Core/Src/ ppm.o
 .debug_macro   0x00014c72      0x287 ./Core/Src/ ppm.o
 .debug_macro   0x00014ef9      0x140 ./Core/Src/ ppm.o
 .debug_macro   0x00015039      0x8ed ./Core/Src/ ppm.o
 .debug_macro   0x00015926      0x28e ./Core/Src/ ppm.o
 .debug_macro   0x00015bb4       0x83 ./Core/Src/ ppm.o
 .debug_macro   0x00015c37      0x1c1 ./Core/Src/dma.o
 .debug_macro   0x00015df8      0x1c1 ./Core/Src/gpio.o
 .debug_macro   0x00015fb9      0x279 ./Core/Src/gy86.o
 .debug_macro   0x00016232      0x1c1 ./Core/Src/i2c.o
 .debug_macro   0x000163f3      0x348 ./Core/Src/main.o
 .debug_macro   0x0001673b      0x1d5 ./Core/Src/oled.o
 .debug_macro   0x00016910       0x1b ./Core/Src/oledfont.o
 .debug_macro   0x0001692b      0x1b7 ./Core/Src/stm32f1xx_hal_msp.o
 .debug_macro   0x00016ae2      0x1c1 ./Core/Src/stm32f1xx_it.o
 .debug_macro   0x00016ca3       0xff ./Core/Src/sysmem.o
 .debug_macro   0x00016da2      0x23c ./Core/Src/sysmem.o
 .debug_macro   0x00016fde      0x1ad ./Core/Src/system_stm32f1xx.o
 .debug_macro   0x0001718b      0x1c1 ./Core/Src/tim.o
 .debug_macro   0x0001734c      0x299 ./Core/Src/usart.o
 .debug_macro   0x000175e5      0x1d1 ./Drivers/STM32F1xx_HAL_Driver/Src/stm32f1xx_hal.o
 .debug_macro   0x000177b6      0x1ad ./Drivers/STM32F1xx_HAL_Driver/Src/stm32f1xx_hal_cortex.o
 .debug_macro   0x00017963      0x1ad ./Drivers/STM32F1xx_HAL_Driver/Src/stm32f1xx_hal_dma.o
 .debug_macro   0x00017b10      0x218 ./Drivers/STM32F1xx_HAL_Driver/Src/stm32f1xx_hal_gpio.o
 .debug_macro   0x00017d28      0x1fb ./Drivers/STM32F1xx_HAL_Driver/Src/stm32f1xx_hal_i2c.o
 .debug_macro   0x00017f23      0x1bf ./Drivers/STM32F1xx_HAL_Driver/Src/stm32f1xx_hal_rcc.o
 .debug_macro   0x000180e2      0x1ae ./Drivers/STM32F1xx_HAL_Driver/Src/stm32f1xx_hal_tim.o
 .debug_macro   0x00018290      0x1ad ./Drivers/STM32F1xx_HAL_Driver/Src/stm32f1xx_hal_tim_ex.o
 .debug_macro   0x0001843d      0x1ae ./Drivers/STM32F1xx_HAL_Driver/Src/stm32f1xx_hal_uart.o

.debug_line     0x00000000    0x17d0e
 .debug_line    0x00000000      0x908 ./Core/Src/ ppm.o
 .debug_line    0x00000908      0x8a1 ./Core/Src/dma.o
 .debug_line    0x000011a9      0x8bb ./Core/Src/gpio.o
 .debug_line    0x00001a64      0x9f8 ./Core/Src/gy86.o
 .debug_line    0x0000245c      0x970 ./Core/Src/i2c.o
 .debug_line    0x00002dcc      0xb87 ./Core/Src/main.o
 .debug_line    0x00003953      0xe14 ./Core/Src/oled.o
 .debug_line    0x00004767       0x51 ./Core/Src/oledfont.o
 .debug_line    0x000047b8      0x8a0 ./Core/Src/stm32f1xx_hal_msp.o
 .debug_line    0x00005058      0xa0a ./Core/Src/stm32f1xx_it.o
 .debug_line    0x00005a62      0x716 ./Core/Src/sysmem.o
 .debug_line    0x00006178      0x91e ./Core/Src/system_stm32f1xx.o
 .debug_line    0x00006a96      0xa10 ./Core/Src/tim.o
 .debug_line    0x000074a6      0xb76 ./Core/Src/usart.o
 .debug_line    0x0000801c       0x78 ./Core/Startup/startup_stm32f103c8tx.o
 .debug_line    0x00008094      0xb4b ./Drivers/STM32F1xx_HAL_Driver/Src/stm32f1xx_hal.o
 .debug_line    0x00008bdf      0xd37 ./Drivers/STM32F1xx_HAL_Driver/Src/stm32f1xx_hal_cortex.o
 .debug_line    0x00009916      0xfa4 ./Drivers/STM32F1xx_HAL_Driver/Src/stm32f1xx_hal_dma.o
 .debug_line    0x0000a8ba      0xbe4 ./Drivers/STM32F1xx_HAL_Driver/Src/stm32f1xx_hal_gpio.o
 .debug_line    0x0000b49e     0x3de8 ./Drivers/STM32F1xx_HAL_Driver/Src/stm32f1xx_hal_i2c.o
 .debug_line    0x0000f286      0xf54 ./Drivers/STM32F1xx_HAL_Driver/Src/stm32f1xx_hal_rcc.o
 .debug_line    0x000101da     0x3670 ./Drivers/STM32F1xx_HAL_Driver/Src/stm32f1xx_hal_tim.o
 .debug_line    0x0001384a     0x1a9a ./Drivers/STM32F1xx_HAL_Driver/Src/stm32f1xx_hal_tim_ex.o
 .debug_line    0x000152e4     0x2a2a ./Drivers/STM32F1xx_HAL_Driver/Src/stm32f1xx_hal_uart.o

.debug_str      0x00000000    0x8d609
 .debug_str     0x00000000    0x84ce7 ./Core/Src/ ppm.o
                              0x85060 (size before relaxing)
 .debug_str     0x00084ce7      0x305 ./Core/Src/dma.o
                              0x8528b (size before relaxing)
 .debug_str     0x00084fec       0x90 ./Core/Src/gpio.o
                              0x85334 (size before relaxing)
 .debug_str     0x0008507c      0x7af ./Core/Src/gy86.o
                              0x85783 (size before relaxing)
 .debug_str     0x0008582b       0xb7 ./Core/Src/i2c.o
                              0x85528 (size before relaxing)
 .debug_str     0x000858e2     0x4172 ./Core/Src/main.o
                              0x89480 (size before relaxing)
 .debug_str     0x00089a54      0x18e ./Core/Src/oled.o
                              0x855ec (size before relaxing)
 .debug_str     0x00089be2       0x17 ./Core/Src/oledfont.o
                               0x2dd1 (size before relaxing)
 .debug_str     0x00089bf9       0x2c ./Core/Src/stm32f1xx_hal_msp.o
                              0x84fb5 (size before relaxing)
 .debug_str     0x00089c25      0x1e5 ./Core/Src/stm32f1xx_it.o
                              0x854fb (size before relaxing)
 .debug_str     0x00089e0a      0x4dc ./Core/Src/sysmem.o
                               0x6052 (size before relaxing)
 .debug_str     0x0008a2e6       0x7e ./Core/Src/system_stm32f1xx.o
                              0x84fe0 (size before relaxing)
 .debug_str     0x0008a364      0x29c ./Core/Src/tim.o
                              0x8579c (size before relaxing)
 .debug_str     0x0008a600       0x81 ./Core/Src/usart.o
                              0x88f18 (size before relaxing)
 .debug_str     0x0008a681       0x44 ./Core/Startup/startup_stm32f103c8tx.o
                                 0x5d (size before relaxing)
 .debug_str     0x0008a6c5      0x384 ./Drivers/STM32F1xx_HAL_Driver/Src/stm32f1xx_hal.o
                              0x85713 (size before relaxing)
 .debug_str     0x0008aa49      0x294 ./Drivers/STM32F1xx_HAL_Driver/Src/stm32f1xx_hal_cortex.o
                              0x8565f (size before relaxing)
 .debug_str     0x0008acdd      0x201 ./Drivers/STM32F1xx_HAL_Driver/Src/stm32f1xx_hal_dma.o
                              0x85389 (size before relaxing)
 .debug_str     0x0008aede      0x295 ./Drivers/STM32F1xx_HAL_Driver/Src/stm32f1xx_hal_gpio.o
                              0x85366 (size before relaxing)
 .debug_str     0x0008b173      0xb7d ./Drivers/STM32F1xx_HAL_Driver/Src/stm32f1xx_hal_i2c.o
                              0x860a7 (size before relaxing)
 .debug_str     0x0008bcf0      0x209 ./Drivers/STM32F1xx_HAL_Driver/Src/stm32f1xx_hal_rcc.o
                              0x8540f (size before relaxing)
 .debug_str     0x0008bef9      0xd4e ./Drivers/STM32F1xx_HAL_Driver/Src/stm32f1xx_hal_tim.o
                              0x86411 (size before relaxing)
 .debug_str     0x0008cc47      0x3e1 ./Drivers/STM32F1xx_HAL_Driver/Src/stm32f1xx_hal_tim_ex.o
                              0x85c1d (size before relaxing)
 .debug_str     0x0008d028      0x5e1 ./Drivers/STM32F1xx_HAL_Driver/Src/stm32f1xx_hal_uart.o
                              0x85a80 (size before relaxing)

.comment        0x00000000       0x43
 .comment       0x00000000       0x43 ./Core/Src/ ppm.o
                                 0x44 (size before relaxing)
 .comment       0x00000043       0x44 ./Core/Src/dma.o
 .comment       0x00000043       0x44 ./Core/Src/gpio.o
 .comment       0x00000043       0x44 ./Core/Src/gy86.o
 .comment       0x00000043       0x44 ./Core/Src/i2c.o
 .comment       0x00000043       0x44 ./Core/Src/main.o
 .comment       0x00000043       0x44 ./Core/Src/oled.o
 .comment       0x00000043       0x44 ./Core/Src/oledfont.o
 .comment       0x00000043       0x44 ./Core/Src/stm32f1xx_hal_msp.o
 .comment       0x00000043       0x44 ./Core/Src/stm32f1xx_it.o
 .comment       0x00000043       0x44 ./Core/Src/sysmem.o
 .comment       0x00000043       0x44 ./Core/Src/system_stm32f1xx.o
 .comment       0x00000043       0x44 ./Core/Src/tim.o
 .comment       0x00000043       0x44 ./Core/Src/usart.o
 .comment       0x00000043       0x44 ./Drivers/STM32F1xx_HAL_Driver/Src/stm32f1xx_hal.o
 .comment       0x00000043       0x44 ./Drivers/STM32F1xx_HAL_Driver/Src/stm32f1xx_hal_cortex.o
 .comment       0x00000043       0x44 ./Drivers/STM32F1xx_HAL_Driver/Src/stm32f1xx_hal_dma.o
 .comment       0x00000043       0x44 ./Drivers/STM32F1xx_HAL_Driver/Src/stm32f1xx_hal_gpio.o
 .comment       0x00000043       0x44 ./Drivers/STM32F1xx_HAL_Driver/Src/stm32f1xx_hal_i2c.o
 .comment       0x00000043       0x44 ./Drivers/STM32F1xx_HAL_Driver/Src/stm32f1xx_hal_rcc.o
 .comment       0x00000043       0x44 ./Drivers/STM32F1xx_HAL_Driver/Src/stm32f1xx_hal_tim.o
 .comment       0x00000043       0x44 ./Drivers/STM32F1xx_HAL_Driver/Src/stm32f1xx_hal_tim_ex.o
 .comment       0x00000043       0x44 ./Drivers/STM32F1xx_HAL_Driver/Src/stm32f1xx_hal_uart.o

.debug_frame    0x00000000     0x4998
 .debug_frame   0x00000000       0x34 ./Core/Src/ ppm.o
 .debug_frame   0x00000034       0x34 ./Core/Src/dma.o
 .debug_frame   0x00000068       0x34 ./Core/Src/gpio.o
 .debug_frame   0x0000009c       0xcc ./Core/Src/gy86.o
 .debug_frame   0x00000168       0x90 ./Core/Src/i2c.o
 .debug_frame   0x000001f8       0x8c ./Core/Src/main.o
 .debug_frame   0x00000284      0x2ec ./Core/Src/oled.o
 .debug_frame   0x00000570       0x38 ./Core/Src/stm32f1xx_hal_msp.o
 .debug_frame   0x000005a8      0x1c8 ./Core/Src/stm32f1xx_it.o
 .debug_frame   0x00000770       0x34 ./Core/Src/sysmem.o
 .debug_frame   0x000007a4       0x58 ./Core/Src/system_stm32f1xx.o
 .debug_frame   0x000007fc       0xcc ./Core/Src/tim.o
 .debug_frame   0x000008c8       0x94 ./Core/Src/usart.o
 .debug_frame   0x0000095c      0x334 ./Drivers/STM32F1xx_HAL_Driver/Src/stm32f1xx_hal.o
 .debug_frame   0x00000c90      0x428 ./Drivers/STM32F1xx_HAL_Driver/Src/stm32f1xx_hal_cortex.o
 .debug_frame   0x000010b8      0x208 ./Drivers/STM32F1xx_HAL_Driver/Src/stm32f1xx_hal_dma.o
 .debug_frame   0x000012c0      0x14c ./Drivers/STM32F1xx_HAL_Driver/Src/stm32f1xx_hal_gpio.o
 .debug_frame   0x0000140c      0xc84 ./Drivers/STM32F1xx_HAL_Driver/Src/stm32f1xx_hal_i2c.o
 .debug_frame   0x00002090      0x218 ./Drivers/STM32F1xx_HAL_Driver/Src/stm32f1xx_hal_rcc.o
 .debug_frame   0x000022a8     0x11b8 ./Drivers/STM32F1xx_HAL_Driver/Src/stm32f1xx_hal_tim.o
 .debug_frame   0x00003460      0x638 ./Drivers/STM32F1xx_HAL_Driver/Src/stm32f1xx_hal_tim_ex.o
 .debug_frame   0x00003a98      0x944 ./Drivers/STM32F1xx_HAL_Driver/Src/stm32f1xx_hal_uart.o
 .debug_frame   0x000043dc      0x144 D:/AAAdownload/CubeIDE/STM32CubeIDE_1.17.0/STM32CubeIDE/plugins/com.st.stm32cube.ide.mcu.externaltools.gnu-tools-for-stm32.12.3.rel1.win32_1.1.0.202410251130/tools/bin/../lib/gcc/arm-none-eabi/12.3.1/../../../../arm-none-eabi/lib/thumb/v7-m/nofp\libc_nano.a(libc_a-findfp.o)
 .debug_frame   0x00004520       0x7c D:/AAAdownload/CubeIDE/STM32CubeIDE_1.17.0/STM32CubeIDE/plugins/com.st.stm32cube.ide.mcu.externaltools.gnu-tools-for-stm32.12.3.rel1.win32_1.1.0.202410251130/tools/bin/../lib/gcc/arm-none-eabi/12.3.1/../../../../arm-none-eabi/lib/thumb/v7-m/nofp\libc_nano.a(libc_a-snprintf.o)
 .debug_frame   0x0000459c       0x20 D:/AAAdownload/CubeIDE/STM32CubeIDE_1.17.0/STM32CubeIDE/plugins/com.st.stm32cube.ide.mcu.externaltools.gnu-tools-for-stm32.12.3.rel1.win32_1.1.0.202410251130/tools/bin/../lib/gcc/arm-none-eabi/12.3.1/../../../../arm-none-eabi/lib/thumb/v7-m/nofp\libc_nano.a(libc_a-memset.o)
 .debug_frame   0x000045bc       0x38 D:/AAAdownload/CubeIDE/STM32CubeIDE_1.17.0/STM32CubeIDE/plugins/com.st.stm32cube.ide.mcu.externaltools.gnu-tools-for-stm32.12.3.rel1.win32_1.1.0.202410251130/tools/bin/../lib/gcc/arm-none-eabi/12.3.1/../../../../arm-none-eabi/lib/thumb/v7-m/nofp\libc_nano.a(libc_a-reent.o)
 .debug_frame   0x000045f4       0x20 D:/AAAdownload/CubeIDE/STM32CubeIDE_1.17.0/STM32CubeIDE/plugins/com.st.stm32cube.ide.mcu.externaltools.gnu-tools-for-stm32.12.3.rel1.win32_1.1.0.202410251130/tools/bin/../lib/gcc/arm-none-eabi/12.3.1/../../../../arm-none-eabi/lib/thumb/v7-m/nofp\libc_nano.a(libc_a-errno.o)
 .debug_frame   0x00004614       0x2c D:/AAAdownload/CubeIDE/STM32CubeIDE_1.17.0/STM32CubeIDE/plugins/com.st.stm32cube.ide.mcu.externaltools.gnu-tools-for-stm32.12.3.rel1.win32_1.1.0.202410251130/tools/bin/../lib/gcc/arm-none-eabi/12.3.1/../../../../arm-none-eabi/lib/thumb/v7-m/nofp\libc_nano.a(libc_a-init.o)
 .debug_frame   0x00004640       0xb0 D:/AAAdownload/CubeIDE/STM32CubeIDE_1.17.0/STM32CubeIDE/plugins/com.st.stm32cube.ide.mcu.externaltools.gnu-tools-for-stm32.12.3.rel1.win32_1.1.0.202410251130/tools/bin/../lib/gcc/arm-none-eabi/12.3.1/../../../../arm-none-eabi/lib/thumb/v7-m/nofp\libc_nano.a(libc_a-lock.o)
 .debug_frame   0x000046f0       0x38 D:/AAAdownload/CubeIDE/STM32CubeIDE_1.17.0/STM32CubeIDE/plugins/com.st.stm32cube.ide.mcu.externaltools.gnu-tools-for-stm32.12.3.rel1.win32_1.1.0.202410251130/tools/bin/../lib/gcc/arm-none-eabi/12.3.1/../../../../arm-none-eabi/lib/thumb/v7-m/nofp\libc_nano.a(libc_a-freer.o)
 .debug_frame   0x00004728       0x50 D:/AAAdownload/CubeIDE/STM32CubeIDE_1.17.0/STM32CubeIDE/plugins/com.st.stm32cube.ide.mcu.externaltools.gnu-tools-for-stm32.12.3.rel1.win32_1.1.0.202410251130/tools/bin/../lib/gcc/arm-none-eabi/12.3.1/../../../../arm-none-eabi/lib/thumb/v7-m/nofp\libc_nano.a(libc_a-mallocr.o)
 .debug_frame   0x00004778       0x30 D:/AAAdownload/CubeIDE/STM32CubeIDE_1.17.0/STM32CubeIDE/plugins/com.st.stm32cube.ide.mcu.externaltools.gnu-tools-for-stm32.12.3.rel1.win32_1.1.0.202410251130/tools/bin/../lib/gcc/arm-none-eabi/12.3.1/../../../../arm-none-eabi/lib/thumb/v7-m/nofp\libc_nano.a(libc_a-mlock.o)
 .debug_frame   0x000047a8       0x90 D:/AAAdownload/CubeIDE/STM32CubeIDE_1.17.0/STM32CubeIDE/plugins/com.st.stm32cube.ide.mcu.externaltools.gnu-tools-for-stm32.12.3.rel1.win32_1.1.0.202410251130/tools/bin/../lib/gcc/arm-none-eabi/12.3.1/../../../../arm-none-eabi/lib/thumb/v7-m/nofp\libc_nano.a(libc_a-nano-svfprintf.o)
 .debug_frame   0x00004838       0x60 D:/AAAdownload/CubeIDE/STM32CubeIDE_1.17.0/STM32CubeIDE/plugins/com.st.stm32cube.ide.mcu.externaltools.gnu-tools-for-stm32.12.3.rel1.win32_1.1.0.202410251130/tools/bin/../lib/gcc/arm-none-eabi/12.3.1/../../../../arm-none-eabi/lib/thumb/v7-m/nofp\libc_nano.a(libc_a-nano-vfprintf_i.o)
 .debug_frame   0x00004898       0x28 D:/AAAdownload/CubeIDE/STM32CubeIDE_1.17.0/STM32CubeIDE/plugins/com.st.stm32cube.ide.mcu.externaltools.gnu-tools-for-stm32.12.3.rel1.win32_1.1.0.202410251130/tools/bin/../lib/gcc/arm-none-eabi/12.3.1/../../../../arm-none-eabi/lib/thumb/v7-m/nofp\libc_nano.a(libc_a-memmove.o)
 .debug_frame   0x000048c0       0x2c D:/AAAdownload/CubeIDE/STM32CubeIDE_1.17.0/STM32CubeIDE/plugins/com.st.stm32cube.ide.mcu.externaltools.gnu-tools-for-stm32.12.3.rel1.win32_1.1.0.202410251130/tools/bin/../lib/gcc/arm-none-eabi/12.3.1/../../../../arm-none-eabi/lib/thumb/v7-m/nofp\libc_nano.a(libc_a-sbrkr.o)
 .debug_frame   0x000048ec       0x28 D:/AAAdownload/CubeIDE/STM32CubeIDE_1.17.0/STM32CubeIDE/plugins/com.st.stm32cube.ide.mcu.externaltools.gnu-tools-for-stm32.12.3.rel1.win32_1.1.0.202410251130/tools/bin/../lib/gcc/arm-none-eabi/12.3.1/../../../../arm-none-eabi/lib/thumb/v7-m/nofp\libc_nano.a(libc_a-memchr-stub.o)
 .debug_frame   0x00004914       0x28 D:/AAAdownload/CubeIDE/STM32CubeIDE_1.17.0/STM32CubeIDE/plugins/com.st.stm32cube.ide.mcu.externaltools.gnu-tools-for-stm32.12.3.rel1.win32_1.1.0.202410251130/tools/bin/../lib/gcc/arm-none-eabi/12.3.1/../../../../arm-none-eabi/lib/thumb/v7-m/nofp\libc_nano.a(libc_a-memcpy-stub.o)
 .debug_frame   0x0000493c       0x3c D:/AAAdownload/CubeIDE/STM32CubeIDE_1.17.0/STM32CubeIDE/plugins/com.st.stm32cube.ide.mcu.externaltools.gnu-tools-for-stm32.12.3.rel1.win32_1.1.0.202410251130/tools/bin/../lib/gcc/arm-none-eabi/12.3.1/../../../../arm-none-eabi/lib/thumb/v7-m/nofp\libc_nano.a(libc_a-reallocr.o)
 .debug_frame   0x00004978       0x20 D:/AAAdownload/CubeIDE/STM32CubeIDE_1.17.0/STM32CubeIDE/plugins/com.st.stm32cube.ide.mcu.externaltools.gnu-tools-for-stm32.12.3.rel1.win32_1.1.0.202410251130/tools/bin/../lib/gcc/arm-none-eabi/12.3.1/../../../../arm-none-eabi/lib/thumb/v7-m/nofp\libc_nano.a(libc_a-msizer.o)

.debug_line_str
                0x00000000       0x41
 .debug_line_str
                0x00000000       0x41 ./Core/Startup/startup_stm32f103c8tx.o
